---------------------------- PROCESS STARTED (24233) for package com.example.measureapp ----------------------------
2025-11-23 11:37:34.880 24233-24233 nativeloader            com.example.measureapp               D  Load libframework-connectivity-tiramisu-jni.so using APEX ns com_android_tethering for caller /apex/com.android.tethering/javalib/framework-connectivity-t.jar: ok
2025-11-23 11:37:34.882 24233-24233 ActivityThread          com.example.measureapp               D  setConscryptValidator
2025-11-23 11:37:34.882 24233-24233 ActivityThread          com.example.measureapp               D  setConscryptValidator - put
2025-11-23 11:37:34.896 24233-24233 nativeloader            com.example.measureapp               D  Load /data/user/0/com.example.measureapp/code_cache/startup_agents/5b4f70e9-agent.so using system ns (caller=<unknown>): ok
2025-11-23 11:37:34.900 24233-24233 mple.measureapp         com.example.measureapp               W  hiddenapi: DexFile /data/data/com.example.measureapp/code_cache/.studio/instruments-25d868d4.jar is in boot class path but is not in a known location
2025-11-23 11:37:34.944 24233-24233 mple.measureapp         com.example.measureapp               W  Redefining intrinsic method java.lang.Thread java.lang.Thread.currentThread(). This may cause the unexpected use of the original definition of java.lang.Thread java.lang.Thread.currentThread()in methods that have already been compiled.
2025-11-23 11:37:34.944 24233-24233 mple.measureapp         com.example.measureapp               W  Redefining intrinsic method boolean java.lang.Thread.interrupted(). This may cause the unexpected use of the original definition of boolean java.lang.Thread.interrupted()in methods that have already been compiled.
2025-11-23 11:37:34.950 24233-24233 nativeloader            com.example.measureapp               D  Load libstats_jni.so using APEX ns com_android_os_statsd for caller /apex/com.android.os.statsd/javalib/framework-statsd.jar: ok
2025-11-23 11:37:35.108 24233-24233 nativeloader            com.example.measureapp               D  Configuring clns-9 for other apk /data/app/~~Bu0EtoLJFeR7OGzRDTr46A==/com.example.measureapp--pJR6sITTvW0TpiNmu2T0w==/base.apk. target_sdk_version=36, uses_libraries=, library_path=/data/app/~~Bu0EtoLJFeR7OGzRDTr46A==/com.example.measureapp--pJR6sITTvW0TpiNmu2T0w==/lib/arm64:/data/app/~~Bu0EtoLJFeR7OGzRDTr46A==/com.example.measureapp--pJR6sITTvW0TpiNmu2T0w==/base.apk!/lib/arm64-v8a, permitted_path=/data:/mnt/expand:/data/user/0/com.example.measureapp
2025-11-23 11:37:35.113 24233-24233 GraphicsEnvironment     com.example.measureapp               V  Currently set values for:
2025-11-23 11:37:35.113 24233-24233 GraphicsEnvironment     com.example.measureapp               V    angle_gl_driver_selection_pkgs=[]
2025-11-23 11:37:35.113 24233-24233 GraphicsEnvironment     com.example.measureapp               V    angle_gl_driver_selection_values=[]
2025-11-23 11:37:35.113 24233-24233 GraphicsEnvironment     com.example.measureapp               V  com.example.measureapp is not listed in per-application setting
2025-11-23 11:37:35.113 24233-24233 GraphicsEnvironment     com.example.measureapp               V  ANGLE allowlist from config: 
2025-11-23 11:37:35.113 24233-24233 GraphicsEnvironment     com.example.measureapp               V  com.example.measureapp is not listed in ANGLE allowlist or settings, returning default
2025-11-23 11:37:35.113 24233-24233 GraphicsEnvironment     com.example.measureapp               V  App is not on the allowlist for updatable production driver.
2025-11-23 11:37:35.114 24233-24233 ActivityThread          com.example.measureapp               W  Application com.example.measureapp is suspending. Debugger needs to resume to continue.
2025-11-23 11:37:35.114 24233-24233 System.out              com.example.measureapp               I  Sending WAIT chunk
2025-11-23 11:37:35.114 24233-24233 System.out              com.example.measureapp               I  Waiting for debugger first packet
2025-11-23 11:37:35.149 24233-24242 nativeloader            com.example.measureapp               D  Load libjdwp.so using system ns (caller=<unknown>): ok
2025-11-23 11:37:35.201  1880-1880  SurfaceFlinger          surfaceflinger                       E  alpha changed 1.000 -> 0.000 - Surface(name=797c8fd Waiting For Debugger: com.example.measureapp)/@0x3644a1 - animation-leash of window_animation#125837
2025-11-23 11:37:35.201  1880-1880  SurfaceFlinger          surfaceflinger                       E  alpha changed 0.000 -> 0.000 - Surface(name=797c8fd Waiting For Debugger: com.example.measureapp)/@0x3644a1 - animation-leash of window_animation#125837
2025-11-23 11:37:35.209  1880-1880  SurfaceFlinger          surfaceflinger                       E  alpha changed 0.000 -> 0.081 - Surface(name=797c8fd Waiting For Debugger: com.example.measureapp)/@0x3644a1 - animation-leash of window_animation#125837
2025-11-23 11:37:35.314 24233-24233 System.out              com.example.measureapp               I  Debug.suspendAllAndSentVmStart
2025-11-23 11:37:35.382 24233-24233 System.out              com.example.measureapp               I  Debug.suspendAllAndSendVmStart, resumed
2025-11-23 11:37:35.410 24233-24233 MeasureApplication      com.example.measureapp               D  MeasureApp initialized
2025-11-23 11:37:35.413 24233-24233 ActivityThread          com.example.measureapp               D  com.example.measureapp will use render engine as VK
2025-11-23 11:37:35.413 24233-24233 HWUI                    com.example.measureapp               D  HWUI - treat SMPTE_170M as sRGB
2025-11-23 11:37:35.413 24233-24274 DisplayManager          com.example.measureapp               I  Choreographer implicitly registered for the refresh rate.
2025-11-23 11:37:35.414 24233-24274 HWUI                    com.example.measureapp               D  CacheManager constructor. deviceInfo=(1080, 1920)
2025-11-23 11:37:35.419 24233-24233 ashmem                  com.example.measureapp               E  Pinning is deprecated since Android Q. Please use trim or other methods.
2025-11-23 11:37:35.419 24233-24274 vulkan                  com.example.measureapp               D  searching for layers in '/data/app/~~Bu0EtoLJFeR7OGzRDTr46A==/com.example.measureapp--pJR6sITTvW0TpiNmu2T0w==/lib/arm64'
2025-11-23 11:37:35.419 24233-24274 vulkan                  com.example.measureapp               D  searching for layers in '/data/app/~~Bu0EtoLJFeR7OGzRDTr46A==/com.example.measureapp--pJR6sITTvW0TpiNmu2T0w==/base.apk!/lib/arm64-v8a'
2025-11-23 11:37:35.430 24233-24233 CompatChangeReporter    com.example.measureapp               D  Compat change id reported: 377864165; UID 10544; state: ENABLED
2025-11-23 11:37:35.431 24233-24233 DesktopModeFlags        com.example.measureapp               D  Toggle override initialized to: OVERRIDE_UNSET
2025-11-23 11:37:35.432 24233-24233 DecorView               com.example.measureapp               I  setWindowBackground: isPopOver=false color=fffafafa d=android.graphics.drawable.ColorDrawable@50ea6f
2025-11-23 11:37:35.445 24233-24274 Adreno-AppProfiles      com.example.measureapp               E  QSPM AIDL service doesn't exist
2025-11-23 11:37:35.446 24233-24274 AdrenoVK-0              com.example.measureapp               I  ===== BEGIN DUMP OF OVERRIDDEN SETTINGS =====
2025-11-23 11:37:35.446 24233-24274 AdrenoVK-0              com.example.measureapp               I  ===== END DUMP OF OVERRIDDEN SETTINGS =====
2025-11-23 11:37:35.454 24233-24233 ViewRootImpl            com.example.measureapp               D  desktopMode is false
2025-11-23 11:37:35.455 24233-24233 ViewRootImpl            com.example.measureapp               I  dVRR is disabled
2025-11-23 11:37:35.455 24233-24233 HardwareRenderer        com.example.measureapp               D  onDisplayChanged. displayId=0 current wxh=1080x2340 mLargest wxh=0x0
2025-11-23 11:37:35.455 24233-24233 HardwareRenderer        com.example.measureapp               D  Set largestWidth and largestHeight as logical resolution. (1080x2340)
2025-11-23 11:37:35.459 24233-24274 qdgralloc               com.example.measureapp               D  Fetching IMapper5 from QtiMapper5
2025-11-23 11:37:35.463 24233-24277 qdgralloc               com.example.measureapp               D  Fetching IMapper5 from QtiMapper5
2025-11-23 11:37:35.467 24233-24274 SnapAlloc               com.example.measureapp               I  Graphics lib is available
2025-11-23 11:37:35.472 24233-24274 Adreno-UNKNOWN          com.example.measureapp               I  Using previously loaded IMapper library.
2025-11-23 11:37:35.473 24233-24274 AdrenoVK-0              com.example.measureapp               I  QUALCOMM build          : e4a2ccdb56, Icac6f3510c
                                                                                                    Build Date              : 07/21/25
                                                                                                    Shader Compiler Version : E031.47.18.36
                                                                                                    Local Branch            : 
                                                                                                    Remote Branch           : refs/tags/AU_LINUX_ANDROID_LA.VENDOR.15.4.0.11.00.00.1088.743
                                                                                                    Remote Branch           : NONE
                                                                                                    Reconstruct Branch      : NOTHING
2025-11-23 11:37:35.473 24233-24274 AdrenoVK-0              com.example.measureapp               I  Build Config            : S P 18.0.0 AArch64
2025-11-23 11:37:35.473 24233-24274 AdrenoVK-0              com.example.measureapp               I  Driver Path             : /vendor/lib64/hw/vulkan.adreno.so
2025-11-23 11:37:35.473 24233-24274 AdrenoVK-0              com.example.measureapp               I  Driver Version          : 0800.40.1
2025-11-23 11:37:35.473 24233-24274 AdrenoVK-0              com.example.measureapp               I  PFP                     : 0x01500077
2025-11-23 11:37:35.473 24233-24274 AdrenoVK-0              com.example.measureapp               I  ME                      : 0x01500014
2025-11-23 11:37:35.473 24233-24274 AdrenoVK-0              com.example.measureapp               I  Application Name    : android framework
                                                                                                    Application Version : 0x00000000
                                                                                                    Engine Name         : android framework
                                                                                                    Engine Version      : 0x00000000
                                                                                                    Api Version         : 0x00401000
2025-11-23 11:37:35.478 24233-24274 HWUI                    com.example.measureapp               D  setMaxSurfaceArea requested wxh=(1080,2340) requestedSurfaceArea(2527200) mMaxSurfaceArea(2073600)
2025-11-23 11:37:35.478 24233-24274 NativeCust...ncyManager com.example.measureapp               D  [NativeCFMS] BpCustomFrequencyManager::BpCustomFrequencyManager()
2025-11-23 11:37:35.483 24233-24278 perf_hint               com.example.measureapp               E  Session ID too large, must fit 32-bit integer
2025-11-23 11:37:35.484 24233-24233 InputTransport          com.example.measureapp               D  Input channel constructed: 'ee2e155', fd=124
2025-11-23 11:37:35.484 24233-24233 InsetsController        com.example.measureapp               I  onStateChanged: host=com.example.measureapp/com.example.measureapp.MainActivity, from=android.view.ViewRootImpl.onInsetsStateChanged:3026, state=InsetsState: {mDisplayFrame=Rect(0, 0 - 1080, 2340), mDisplayCutout=DisplayCutout{insets=Rect(0, 85 - 0, 0) waterfall=Insets{left=0, top=0, right=0, bottom=0} boundingRect={Bounds=[Rect(0, 0 - 0, 0), Rect(514, 0 - 566, 85), Rect(0, 0 - 0, 0), Rect(0, 0 - 0, 0)]} cutoutPathParserInfo={CutoutPathParserInfo{displayWidth=1080 displayHeight=2340 physicalDisplayWidth=1080 physicalDisplayHeight=2340 density={2.8125} cutoutSpec={M 0,0 H -9.333333333333333 V 30.13333333333333 H 9.333333333333333 V 0 H 0 Z @dp} rotation={0} scale={1.0} physicalPixelDisplaySizeRatio={1.0}}} sideOverrides={}}, mRoundedCorners=RoundedCorners{[RoundedCorner{position=TopLeft, radius=42, center=Point(42, 42)}, RoundedCorner{position=TopRight, radius=42, center=Point(1038, 42)}, RoundedCorner{position=BottomRight, radius=42, center=Point(1038, 2298)}, RoundedCorner{position=BottomLeft, radius=42, center=Point(42, 2298)}]}  mRoundedCornerFrame=Rect(0, 0 - 1080, 2340), mPrivacyIndicatorBounds=PrivacyIndicatorBounds {static bounds=Rect(956, 0 - 1080, 85) rotation=0}, mDisplayShape=DisplayShape{ spec=-311912193 displayWidth=1080 displayHeight=2340 physicalPixelDisplaySizeRatio=0.75 rotation=0 offsetX=0 offsetY=0 scale=1.0}, mSources= { InsetsSource: {f7cc0000 mType=statusBars mFrame=[0,0][1080,85] mVisible=true mFlags= mSideHint=TOP mBoundingRects=null}, InsetsSource: {f7cc0005 mType=mandatorySystemGestures mFrame=[0,0][1080,119] mVisible=true mFlags= mSideHint=TOP mBoundingRects=null}, InsetsSource: {f7cc0006 mType=tappableElement mFrame=[0,0][1080,85] mVisible=true mFlags= mSideHint=TOP mBoundingRects=null}, InsetsSource: {3 mType=ime mFrame=[0,0][0,0] mVisible=false mFlags= mSideHint=NONE mBoundingRects=null}, InsetsSource: {27 mType=displayCutout mFrame=[0,0][1080,85] mVisible=true mFlags= mSideHint=TOP mBoundingRects=null}, InsetsSource: {7030001 mType=navigationBars mFrame=[0,2298][1080,2340] mVisible=true mFlags=SUPPRESS_SCRIM mSideHint=BOTTOM mBoundingRects=null}, InsetsSource: {7030004 mType=systemGestures mFrame=[0,0][84,2340] mVisible=true mFlags= mSideHint=LEFT mBoundingRects=null}, InsetsSource: {7030005 mType=mandatorySystemGestures mFrame=[0,2250][1080,2340] mVisible=true mFlags= mSideHint=BOTTOM mBoundingRects=null}, InsetsSource: {7030006 mType=tappableElement mFrame=[0,0][0,0] mVisible=true mFlags= mSideHint=NONE mBoundingRects=null}, InsetsSource: {7030024 mType=systemGestures mFrame=[996,0][1080,2340] mVisible=true mFlags= mSideHint=RIGHT mBoundingRects=null} }
2025-11-23 11:37:35.485 24233-24233 VRI[MainAc...y]@4b661fe com.example.measureapp               I  synced displayState. AttachInfo displayState=2
2025-11-23 11:37:35.486 24233-24233 VRI[MainAc...y]@4b661fe com.example.measureapp               I  setView = com.android.internal.policy.DecorView@112a00a IsHRR=false mFlingFrameRateChange=0 TM=true
2025-11-23 11:37:35.486 24233-24233 IDS_TAG                 com.example.measureapp               I  Starting IDS observe window
2025-11-23 11:37:35.486 24233-24233 IDS_TAG                 com.example.measureapp               I  Getting Shared Preference for com.example.measureapp.di.MeasureApplication@66f699f uid = 10544
2025-11-23 11:37:35.489 24233-24233 IDS_TAG                 com.example.measureapp               I  App com.example.measureapp.di.MeasureApplication@66f699f has not finished training
2025-11-23 11:37:35.489 24233-24274 HWUI                    com.example.measureapp               D  HWUI - treat SMPTE_170M as sRGB
2025-11-23 11:37:35.489 24233-24233 IDS_TAG                 com.example.measureapp               I  Closing IDS observe window
2025-11-23 11:37:35.489 24233-24233 IDS_TAG                 com.example.measureapp               I  Getting Shared Preference for com.example.measureapp.di.MeasureApplication@66f699f uid = 10544
2025-11-23 11:37:35.489 24233-24233 IDS_TAG                 com.example.measureapp               I  IDS count updated to 3 for com.example.measureapp.di.MeasureApplication@66f699f
2025-11-23 11:37:35.500  1880-1880  SurfaceFlinger          surfaceflinger                       E  alpha changed 0.016 -> 0.000 - Surface(name=797c8fd Waiting For Debugger: com.example.measureapp)/@0x3644a1 - animation-leash of window_animation#125839
2025-11-23 11:37:35.562 24233-24233 mple.measureapp         com.example.measureapp               I  hiddenapi: Accessing hidden method Landroid/os/SystemProperties;->addChangeCallback(Ljava/lang/Runnable;)V (runtime_flags=0, domain=platform, api=unsupported) from Landroidx/compose/ui/platform/AndroidComposeView$Companion; (domain=app) using reflection: allowed
2025-11-23 11:37:35.593 24233-24244 mple.measureapp         com.example.measureapp               I  Compiler allocated 5101KB to compile void android.view.ViewRootImpl.performTraversals()
2025-11-23 11:37:35.665 24233-24233 mple.measureapp         com.example.measureapp               E  Unable to open libpenguin.so: dlopen failed: library "libpenguin.so" not found.
2025-11-23 11:37:35.665 24233-24233 BufferQueueProducer     com.example.measureapp               I  [](id:5ea900000000,api:0,p:0,c:24233) setDequeueTimeout:2077252342
2025-11-23 11:37:35.665 24233-24233 BLASTBufferQueue_Java   com.example.measureapp               I  new BLASTBufferQueue, mName= VRI[MainActivity]@4b661fe mNativeObject= 0xb400007955854310 caller= android.view.ViewRootImpl.updateBlastSurfaceIfNeeded:3585 android.view.ViewRootImpl.relayoutWindow:11685 android.view.ViewRootImpl.performTraversals:4804 android.view.ViewRootImpl.doTraversal:3924 android.view.ViewRootImpl$TraversalRunnable.run:12903 android.view.Choreographer$CallbackRecord.run:1901 android.view.Choreographer$CallbackRecord.run:1910 android.view.Choreographer.doCallbacks:1367 android.view.Choreographer.doFrame:1292 android.view.Choreographer$FrameDisplayEventReceiver.run:1870 
2025-11-23 11:37:35.665 24233-24233 BLASTBufferQueue_Java   com.example.measureapp               I  update, w= 1080 h= 2340 mName = VRI[MainActivity]@4b661fe mNativeObject= 0xb400007955854310 sc.mNativeObject= 0xb400007965831890 format= -1 caller= android.view.ViewRootImpl.updateBlastSurfaceIfNeeded:3590 android.view.ViewRootImpl.relayoutWindow:11685 android.view.ViewRootImpl.performTraversals:4804 android.view.ViewRootImpl.doTraversal:3924 android.view.ViewRootImpl$TraversalRunnable.run:12903 android.view.Choreographer$CallbackRecord.run:1901 
2025-11-23 11:37:35.666 24233-24233 VRI[MainAc...y]@4b661fe com.example.measureapp               I  Relayout returned: old=(0,0,1080,2340) new=(0,0,1080,2340) relayoutAsync=false req=(1080,2340)0 dur=2 res=0x3 s={true 0xb4000079b5847690} ch=true seqId=0
2025-11-23 11:37:35.666 24233-24233 VRI[MainAc...y]@4b661fe com.example.measureapp               I  performConfigurationChange setNightDimText nightDimLevel=75
2025-11-23 11:37:35.666 24233-24233 VRI[MainAc...y]@4b661fe com.example.measureapp               D  mThreadedRenderer.initialize() mSurface={isValid=true 0xb4000079b5847690} hwInitialized=true
2025-11-23 11:37:35.676 24233-24233 VRI[MainAc...y]@4b661fe com.example.measureapp               D  reportNextDraw android.view.ViewRootImpl.performTraversals:5443 android.view.ViewRootImpl.doTraversal:3924 android.view.ViewRootImpl$TraversalRunnable.run:12903 android.view.Choreographer$CallbackRecord.run:1901 android.view.Choreographer$CallbackRecord.run:1910 
2025-11-23 11:37:35.676 24233-24233 VRI[MainAc...y]@4b661fe com.example.measureapp               D  Setup new sync=wmsSync-VRI[MainActivity]@4b661fe#0
2025-11-23 11:37:35.676 24233-24233 VRI[MainAc...y]@4b661fe com.example.measureapp               I  Creating new active sync group VRI[MainActivity]@4b661fe#1
2025-11-23 11:37:35.678 24233-24233 VRI[MainAc...y]@4b661fe com.example.measureapp               D  registerCallbacksForSync syncBuffer=false
2025-11-23 11:37:35.681 24233-24233 View                    com.example.measureapp               I  setRequestedFrameRate frameRate=0.0, this=androidx.compose.ui.platform.AndroidComposeView{e8ad555 VFED..... ........ 0,0-1080,2340 aid=1073741824}, caller=android.view.ViewGroup.setRequestedFrameRate:9952 androidx.compose.ui.platform.Api35Impl.setRequestedFrameRate:3314 androidx.compose.ui.platform.AndroidComposeView.dispatchDraw:1949 android.view.View.draw:26345 android.view.View.updateDisplayListIfDirty:25175 
2025-11-23 11:37:35.681 24233-24233 View                    com.example.measureapp               I  setRequestedFrameRate frameRate=-4.0, this=android.view.View{b7ea23c V.ED..... ......I. 0,0-0,0}, caller=androidx.compose.ui.platform.Api35Impl.setRequestedFrameRate:3314 androidx.compose.ui.platform.AndroidComposeView.dispatchDraw:1950 android.view.View.draw:26345 android.view.View.updateDisplayListIfDirty:25175 android.view.View.draw:26072 
2025-11-23 11:37:35.682 24233-24277 VRI[MainAc...y]@4b661fe com.example.measureapp               D  Received frameDrawingCallback syncResult=0 frameNum=1.
2025-11-23 11:37:35.682 24233-24277 VRI[MainAc...y]@4b661fe com.example.measureapp               I  mWNT: t=0xb400007a95860d50 mBlastBufferQueue=0xb400007955854310 fn= 1 HdrRenderState mRenderHdrSdrRatio=1.0 caller= android.view.ViewRootImpl$12.onFrameDraw:15441 android.view.ThreadedRenderer$1.onFrameDraw:718 <bottom of call stack> 
2025-11-23 11:37:35.682 24233-24277 VRI[MainAc...y]@4b661fe com.example.measureapp               I  Setting up sync and frameCommitCallback
2025-11-23 11:37:35.682 24233-24274 AdrenoUtils             com.example.measureapp               I  <ReadGpuID:366>: Reading chip ID through GSL
2025-11-23 11:37:35.690 24233-24274 BLASTBufferQueue        com.example.measureapp               I  [VRI[MainActivity]@4b661fe#0](f:0,a:0,s:0) onFrameAvailable the first frame is available
2025-11-23 11:37:35.690 24233-24274 SurfaceComposerClient   com.example.measureapp               I  apply transaction with the first frame. layerId: 125843, bufferData(ID: 104079942483971, frameNumber: 1)
2025-11-23 11:37:35.690 24233-24274 VRI[MainAc...y]@4b661fe com.example.measureapp               I  Received frameCommittedCallback lastAttemptedDrawFrameNum=1 didProduceBuffer=true
2025-11-23 11:37:35.691 24233-24274 HWUI                    com.example.measureapp               D  CFMS:: SetUp Pid : 24233    Tid : 24274
2025-11-23 11:37:35.691 24233-24233 VRI[MainAc...y]@4b661fe com.example.measureapp               D  reportDrawFinished seqId=0
2025-11-23 11:37:35.702 24233-24233 View                    com.example.measureapp               I  setRequestedFrameRate frameRate=NaN, this=androidx.compose.ui.platform.AndroidComposeView{e8ad555 VFED..... ........ 0,0-1080,2340 aid=1073741824}, caller=android.view.ViewGroup.setRequestedFrameRate:9952 androidx.compose.ui.platform.Api35Impl.setRequestedFrameRate:3314 androidx.compose.ui.platform.AndroidComposeView.dispatchDraw:1949 android.view.View.draw:26345 android.view.View.updateDisplayListIfDirty:25175 
2025-11-23 11:37:35.702 24233-24233 View                    com.example.measureapp               I  setRequestedFrameRate frameRate=NaN, this=android.view.View{b7ea23c V.ED..... ........ 0,0-0,0}, caller=androidx.compose.ui.platform.Api35Impl.setRequestedFrameRate:3314 androidx.compose.ui.platform.AndroidComposeView.dispatchDraw:1950 android.view.View.draw:26345 android.view.View.updateDisplayListIfDirty:25175 android.view.View.draw:26072 
2025-11-23 11:37:35.706 24233-24233 InsetsSourceConsumer    com.example.measureapp               I  applyRequestedVisibilityToControl: visible=true, type=navigationBars, host=com.example.measureapp/com.example.measureapp.MainActivity
2025-11-23 11:37:35.706 24233-24233 InsetsSourceConsumer    com.example.measureapp               I  applyRequestedVisibilityToControl: visible=true, type=statusBars, host=com.example.measureapp/com.example.measureapp.MainActivity
2025-11-23 11:37:35.714 24233-24233 View                    com.example.measureapp               I  setRequestedFrameRate frameRate=NaN, this=androidx.compose.ui.platform.AndroidComposeView{e8ad555 VFED..... ........ 0,0-1080,2340 aid=1073741824}, caller=android.view.ViewGroup.setRequestedFrameRate:9952 androidx.compose.ui.platform.Api35Impl.setRequestedFrameRate:3314 androidx.compose.ui.platform.AndroidComposeView.dispatchDraw:1949 android.view.View.draw:26345 android.view.View.updateDisplayListIfDirty:25175 
2025-11-23 11:37:35.714 24233-24233 View                    com.example.measureapp               I  setRequestedFrameRate frameRate=-4.0, this=android.view.View{b7ea23c V.ED..... ........ 0,0-0,0}, caller=androidx.compose.ui.platform.Api35Impl.setRequestedFrameRate:3314 androidx.compose.ui.platform.AndroidComposeView.dispatchDraw:1950 android.view.View.draw:26345 android.view.View.updateDisplayListIfDirty:25175 android.view.View.draw:26072 
2025-11-23 11:37:35.715 24233-24233 ActivityThread          com.example.measureapp               D  com.example.measureapp will use render engine as VK
2025-11-23 11:37:35.720 24233-24233 AppCompatDelegate       com.example.measureapp               D  Checking for metadata for AppLocalesMetadataHolderService : Service not found
2025-11-23 11:37:35.727 24233-24233 DecorView               com.example.measureapp               I  setWindowBackground: isPopOver=false color=fffafafa d=android.graphics.drawable.ColorDrawable@2ceee56
2025-11-23 11:37:35.728 24233-24233 mple.measureapp         com.example.measureapp               I  hiddenapi: Accessing hidden method Landroid/view/View;->computeFitSystemWindows(Landroid/graphics/Rect;Landroid/graphics/Rect;)Z (runtime_flags=0, domain=platform, api=unsupported) from Landroidx/appcompat/widget/ViewUtils; (domain=app) using reflection: allowed
2025-11-23 11:37:35.728 24233-24233 mple.measureapp         com.example.measureapp               I  hiddenapi: Accessing hidden method Landroid/view/ViewGroup;->makeOptionalFitsSystemWindows()V (runtime_flags=0, domain=platform, api=unsupported) from Landroidx/appcompat/widget/ViewUtils; (domain=app) using reflection: allowed
2025-11-23 11:37:35.785 24233-24233 nativeloader            com.example.measureapp               D  Load /data/app/~~Bu0EtoLJFeR7OGzRDTr46A==/com.example.measureapp--pJR6sITTvW0TpiNmu2T0w==/base.apk!/lib/arm64-v8a/libfilament-jni.so using class loader ns clns-9 (caller=/data/app/~~Bu0EtoLJFeR7OGzRDTr46A==/com.example.measureapp--pJR6sITTvW0TpiNmu2T0w==/base.apk!classes14.dex): ok
2025-11-23 11:37:35.786 24233-24233 nativeloader            com.example.measureapp               D  Load /data/app/~~Bu0EtoLJFeR7OGzRDTr46A==/com.example.measureapp--pJR6sITTvW0TpiNmu2T0w==/base.apk!/lib/arm64-v8a/libgltfio-jni.so using class loader ns clns-9 (caller=/data/app/~~Bu0EtoLJFeR7OGzRDTr46A==/com.example.measureapp--pJR6sITTvW0TpiNmu2T0w==/base.apk!classes14.dex): ok
2025-11-23 11:37:35.786 24233-24233 nativeloader            com.example.measureapp               D  Load /data/app/~~Bu0EtoLJFeR7OGzRDTr46A==/com.example.measureapp--pJR6sITTvW0TpiNmu2T0w==/base.apk!/lib/arm64-v8a/libfilament-utils-jni.so using class loader ns clns-9 (caller=/data/app/~~Bu0EtoLJFeR7OGzRDTr46A==/com.example.measureapp--pJR6sITTvW0TpiNmu2T0w==/base.apk!classes14.dex): ok
2025-11-23 11:37:35.787 24233-24233 AdrenoGLES-0            com.example.measureapp               I  QUALCOMM build                   : e4a2ccdb56, Icac6f3510c
                                                                                                    Build Date                       : 07/21/25
                                                                                                    OpenGL ES Shader Compiler Version: E031.47.18.36
                                                                                                    Local Branch                     : 
                                                                                                    Remote Branch                    : refs/tags/AU_LINUX_ANDROID_LA.VENDOR.15.4.0.11.00.00.1088.743
                                                                                                    Remote Branch                    : NONE
                                                                                                    Reconstruct Branch               : NOTHING
2025-11-23 11:37:35.787 24233-24233 AdrenoGLES-0            com.example.measureapp               I  Build Config                     : S P 18.0.0 AArch64
2025-11-23 11:37:35.787 24233-24233 AdrenoGLES-0            com.example.measureapp               I  Driver Path                      : /vendor/lib64/egl/libGLESv2_adreno.so
2025-11-23 11:37:35.787 24233-24233 AdrenoGLES-0            com.example.measureapp               I  Driver Version                   : 0800.40.1
2025-11-23 11:37:35.787 24233-24233 AdrenoGLES-0            com.example.measureapp               I  Process Name                     : com.example.measureapp
2025-11-23 11:37:35.789 24233-24233 AdrenoGLES-0            com.example.measureapp               I  PFP: 0x01500077, ME: 0x01500014
2025-11-23 11:37:35.790 24233-24233 Adreno-AppProfiles      com.example.measureapp               E  QSPM AIDL service doesn't exist
2025-11-23 11:37:35.795 24233-24233 Filament                com.example.measureapp               I  FEngine (64 bits) created at 0xb4000079558d4b10 (threading is enabled)
2025-11-23 11:37:35.796 24233-24306 Filament                com.example.measureapp               D  Using ASurfaceTexture
2025-11-23 11:37:35.796 24233-24306 Filament                com.example.measureapp               I  FEngine resolved backend: OpenGL
2025-11-23 11:37:35.803 24233-24306 Filament                com.example.measureapp               V  [Qualcomm], [Adreno (TM) 830], [OpenGL ES 3.2 V@0800.40.1 (GIT@e4a2ccdb56, Icac6f3510c, 1753112526) (Date:07/21/25)], [OpenGL ES GLSL ES 3.20]
2025-11-23 11:37:35.803 24233-24306 Filament                com.example.measureapp               V  Feature level: 2
                                                                                                    Active workarounds: 
                                                                                                    dont_use_timer_query
                                                                                                    disable_blit_into_texture_array
                                                                                                    split_easu
                                                                                                    allow_read_only_ancillary_feedback_loop
                                                                                                    enable_initialize_non_used_uniform_array
2025-11-23 11:37:35.808 24233-24233 Filament                com.example.measureapp               I  Backend feature level: 2
2025-11-23 11:37:35.808 24233-24233 Filament                com.example.measureapp               I  FEngine feature level: 1
2025-11-23 11:37:35.867 24233-24233 Kumiho-Kumiho           com.example.measureapp               I  getPackageName: com.example.measureapp
2025-11-23 11:37:35.867 24233-24233 Kumiho-Kumiho           com.example.measureapp               I  getPackageName: com.example.measureapp
2025-11-23 11:37:35.868 24233-24233 mple.measureapp         com.example.measureapp               I  hiddenapi: Accessing hidden field Landroid/graphics/Bitmap;->mNativePtr:J (runtime_flags=0, domain=platform, api=unsupported) from Lcom/google/android/filament/android/TextureHelper; (domain=app) using JNI: allowed
2025-11-23 11:37:35.903 24233-24233 nativeloader            com.example.measureapp               D  Load /data/app/~~Bu0EtoLJFeR7OGzRDTr46A==/com.example.measureapp--pJR6sITTvW0TpiNmu2T0w==/base.apk!/lib/arm64-v8a/libarcore_sdk_jni.so using class loader ns clns-9 (caller=/data/app/~~Bu0EtoLJFeR7OGzRDTr46A==/com.example.measureapp--pJR6sITTvW0TpiNmu2T0w==/base.apk!classes15.dex): ok
2025-11-23 11:37:35.903 24233-24233 third_part..._create.cc com.example.measureapp               I  Entering ArSession_createWithFeaturesAndTrace
2025-11-23 11:37:35.903 24233-24233 third_part..._create.cc com.example.measureapp               I  ARCore Version: SDK build name: 1.50
2025-11-23 11:37:35.904 24233-24233 third_part..._create.cc com.example.measureapp               I  ARCore Version: APK version code: 252580493
2025-11-23 11:37:35.908 24233-24233 mple.measureapp         com.example.measureapp               W  Loading /data/app/~~2oMtV8JbpOz_8UsojoZDZQ==/com.google.ar.core-_LvffoGxdvhnmU0HpmQ4sA==/oat/arm64/base.odex non-executable as it requires an image which we failed to load
2025-11-23 11:37:35.909 24233-24233 mple.measureapp         com.example.measureapp               W  Failed to find entry 'classes.dex': Entry not found
2025-11-23 11:37:35.909 24233-24233 mple.measureapp         com.example.measureapp               W  Failed to find entry 'classes.dex': Entry not found
2025-11-23 11:37:35.910 24233-24233 nativeloader            com.example.measureapp               D  Configuring clns-10 for other apk /data/app/~~2oMtV8JbpOz_8UsojoZDZQ==/com.google.ar.core-_LvffoGxdvhnmU0HpmQ4sA==/base.apk:/data/app/~~2oMtV8JbpOz_8UsojoZDZQ==/com.google.ar.core-_LvffoGxdvhnmU0HpmQ4sA==/split_config.en.apk:/data/app/~~2oMtV8JbpOz_8UsojoZDZQ==/com.google.ar.core-_LvffoGxdvhnmU0HpmQ4sA==/split_config.xxhdpi.apk. target_sdk_version=36, uses_libraries=, library_path=/data/app/~~2oMtV8JbpOz_8UsojoZDZQ==/com.google.ar.core-_LvffoGxdvhnmU0HpmQ4sA==/lib/arm64:/data/app/~~2oMtV8JbpOz_8UsojoZDZQ==/com.google.ar.core-_LvffoGxdvhnmU0HpmQ4sA==/base.apk!/lib/arm64-v8a:/data/app/~~2oMtV8JbpOz_8UsojoZDZQ==/com.google.ar.core-_LvffoGxdvhnmU0HpmQ4sA==/split_config.en.apk!/lib/arm64-v8a:/data/app/~~2oMtV8JbpOz_8UsojoZDZQ==/com.google.ar.core-_LvffoGxdvhnmU0HpmQ4sA==/split_config.xxhdpi.apk!/lib/arm64-v8a, permitted_path=/data:/mnt/expand
2025-11-23 11:37:35.913 24233-24233 third_part..._create.cc com.example.measureapp               I  Dynamite load ok.
2025-11-23 11:37:35.913 24233-24233 third_part..._client.cc com.example.measureapp               I  Attempting to load native library arcore_c from package com.google.ar.core
2025-11-23 11:37:35.947 24233-24233 nativeloader            com.example.measureapp               D  Load /data/app/~~2oMtV8JbpOz_8UsojoZDZQ==/com.google.ar.core-_LvffoGxdvhnmU0HpmQ4sA==/base.apk!/lib/arm64-v8a/libarcore_c.so using class loader ns clns-10 (caller=/data/app/~~2oMtV8JbpOz_8UsojoZDZQ==/com.google.ar.core-_LvffoGxdvhnmU0HpmQ4sA==/base.apk): ok
2025-11-23 11:37:35.947 24233-24233 third_part..._client.cc com.example.measureapp               I  Dynamite::LoadNativeRemoteLibrary handle=-4072992669402799195
2025-11-23 11:37:35.948 24233-24233 third_part..._create.cc com.example.measureapp               I  ARCore SDK: dynamite number_of_symbols_loaded=317
2025-11-23 11:37:35.948 24233-24233 native                  com.example.measureapp               I  I0000 00:00:1763878055.948310   24233 session_create_implementation.cc:263] Entering createImplementationWithFeaturesAndSettings. ARCore SDK version: [1.50.251150000].
2025-11-23 11:37:35.954 24233-24233 native                  com.example.measureapp               I  I0000 00:00:1763878055.954208   24233 session_create_implementation.cc:224] AugmentedRegion downsample mode from Phenotype: true
2025-11-23 11:37:35.955 24233-24319 third_part..._helper.cc com.example.measureapp               V  JniHelper: attached thread (Called from line 368).
2025-11-23 11:37:35.960 24233-24233 native                  com.example.measureapp               I  I0000 00:00:1763878055.960527   24233 session_create_implementation_shared.cc:2545] min_apk_version_code is: 251150000, phenotype flag of enable_dual_camera_support is: false, phenotype flag of unified_data_source_status is: 2, is_dual_camera_supported based on device profile is: false
2025-11-23 11:37:35.960 24233-24233 native                  com.example.measureapp               I  I0000 00:00:1763878055.960539   24233 session_create_implementation_shared.cc:2556] Settings.camera_stack_option is not specified
2025-11-23 11:37:35.960 24233-24233 native                  com.example.measureapp               I  I0000 00:00:1763878055.960542   24233 session_create_implementation_shared.cc:2629] Datasource will be created with camera_stack_option = kUnifiedMono
2025-11-23 11:37:35.960 24233-24233 native                  com.example.measureapp               I  I0000 00:00:1763878055.960546   24233 android_camera.cc:176] Camera start operation timeout set to 4000 ms.
2025-11-23 11:37:35.961 24233-24233 ACameraManager          com.example.measureapp               E  getCurrentDeviceId: Failed to call getDeviceIdsForUid to determine device id for uid 10544: No error
2025-11-23 11:37:35.961 24233-24233 native                  com.example.measureapp               I  I0000 00:00:1763878055.961642   24233 android_camera.cc:1846] Initializing camera manager.
2025-11-23 11:37:35.963 24233-24233 VendorTagDescriptor     com.example.measureapp               D  addVendorDescriptor: vendor tag id 15622750491770684145 added
2025-11-23 11:37:35.963 24233-24233 VendorTagDescriptor     com.example.measureapp               D  addVendorDescriptor: vendor tag id 8932615658386372252 added
2025-11-23 11:37:35.964 24233-24233 ACameraManager          com.example.measureapp               E  getCurrentDeviceId: Failed to call getDeviceIdsForUid to determine device id for uid 10544: No error
2025-11-23 11:37:35.964 24233-24233 ACameraManager          com.example.measureapp               E  getCurrentDeviceId: Failed to call getDeviceIdsForUid to determine device id for uid 10544: No error
2025-11-23 11:37:35.965 24233-24233 ACameraManager          com.example.measureapp               E  getCurrentDeviceId: Failed to call getDeviceIdsForUid to determine device id for uid 10544: No error
2025-11-23 11:37:35.965 24233-24233 ACameraManager          com.example.measureapp               E  getCurrentDeviceId: Failed to call getDeviceIdsForUid to determine device id for uid 10544: No error
2025-11-23 11:37:35.965 24233-24233 native                  com.example.measureapp               I  I0000 00:00:1763878055.965599   24233 android_camera.cc:1882] Camera manager initialized successfully with 4 cameras.
2025-11-23 11:37:35.965 24233-24233 native                  com.example.measureapp               I  I0000 00:00:1763878055.965714   24233 android_camera.cc:779] [Camera=0; State=CLOSED] Reset cleanly got to CLOSED state.
2025-11-23 11:37:35.965 24233-24233 native                  com.example.measureapp               I  I0000 00:00:1763878055.965854   24233 android_camera.cc:779] [Camera=3; State=CLOSED] Reset cleanly got to CLOSED state.
2025-11-23 11:37:35.965 24233-24233 native                  com.example.measureapp               I  I0000 00:00:1763878055.965926   24233 android_camera.cc:779] [Camera=2; State=CLOSED] Reset cleanly got to CLOSED state.
2025-11-23 11:37:35.966 24233-24233 native                  com.example.measureapp               I  I0000 00:00:1763878055.966033   24233 android_camera.cc:779] [Camera=1; State=CLOSED] Reset cleanly got to CLOSED state.
2025-11-23 11:37:35.966 24233-24233 native                  com.example.measureapp               I  I0000 00:00:1763878055.966465   24233 session_create_implementation_shared.cc:2728] Persistent online recalibration is enabled by Phenotype.
2025-11-23 11:37:35.969 24233-24233 tflite                  com.example.measureapp               I  Initialized TensorFlow Lite runtime.
2025-11-23 11:37:35.969 24233-24233 libc                    com.example.measureapp               W  Access denied finding property "ro.mediatek.platform"
2025-11-23 11:37:35.972 24233-24233 tflite                  com.example.measureapp               I  Created TensorFlow Lite XNNPACK delegate for CPU.
2025-11-23 11:37:35.972 24233-24233 tflite                  com.example.measureapp               I  Replacing 2 out of 2 node(s) with delegate (TfLiteXNNPackDelegate) node, yielding 1 partitions for subgraph 0.
2025-11-23 11:37:35.973 24233-24233 native                  com.example.measureapp               I  I0000 00:00:1763878055.973653   24233 online_calibration_manager.cc:94] OnlineCalibrationManager: Could not open /data/user/0/com.example.measureapp/cache/arcore-online-recalibration for reading.
2025-11-23 11:37:35.984 24233-24233 ARCore-ContextUtils     com.example.measureapp               W  The API key for use with the Google AR service could not be obtained!
2025-11-23 11:37:35.992 24233-24233 native                  com.example.measureapp               I  I0000 00:00:1763878055.992384   24233 session_create_implementation_shared.cc:1315] semantic_segmentation enabled
2025-11-23 11:37:35.995 24233-24233 CameraManagerGlobal     com.example.measureapp               I  Connecting to camera service
2025-11-23 11:37:35.995 24233-24233 VendorTagDescriptor     com.example.measureapp               D  addVendorDescriptor: vendor tag id 15622750491770684145 added
2025-11-23 11:37:35.996 24233-24233 VendorTagDescriptor     com.example.measureapp               D  addVendorDescriptor: vendor tag id 8932615658386372252 added
2025-11-23 11:37:35.998 24233-24255 CameraManagerGlobal     com.example.measureapp               I  Camera 0 facing CAMERA_FACING_BACK state now CAMERA_STATE_CLOSED for client com.example.measureapp API Level 2 User Id 0Device Id 0
2025-11-23 11:37:35.998 24233-24288 CameraManagerGlobal     com.example.measureapp               I  Camera 1 facing CAMERA_FACING_FRONT state now CAMERA_STATE_CLOSED for client com.whatsapp API Level 2 User Id 0Device Id 0
2025-11-23 11:37:35.998 24233-24288 CameraManagerGlobal     com.example.measureapp               I  Camera 2 facing CAMERA_FACING_BACK state now CAMERA_STATE_CLOSED for client android.system API Level 2 User Id 0Device Id 0
2025-11-23 11:37:35.998 24233-24288 CameraManagerGlobal     com.example.measureapp               I  Camera 20 facing CAMERA_FACING_BACK state now CAMERA_STATE_CLOSED for client com.sec.android.app.camera API Level 2 User Id 0Device Id 0
2025-11-23 11:37:35.998 24233-24251 CameraManagerGlobal     com.example.measureapp               I  Camera 21 facing CAMERA_FACING_BACK state now CAMERA_STATE_CLOSED for client android.system API Level 2 User Id 0Device Id 0
2025-11-23 11:37:35.998 24233-24251 CameraManagerGlobal     com.example.measureapp               I  Camera 23 facing CAMERA_FACING_BACK state now CAMERA_STATE_CLOSED for client android.system API Level 2 User Id 0Device Id 0
2025-11-23 11:37:35.998 24233-24251 CameraManagerGlobal     com.example.measureapp               I  Camera 24 facing CAMERA_FACING_BACK state now CAMERA_STATE_CLOSED for client android.system API Level 2 User Id 0Device Id 0
2025-11-23 11:37:35.999 24233-24251 CameraManagerGlobal     com.example.measureapp               I  Camera 3 facing CAMERA_FACING_FRONT state now CAMERA_STATE_CLOSED for client com.samsung.android.sead API Level 2 User Id 0Device Id 0
2025-11-23 11:37:35.999 24233-24251 CameraManagerGlobal     com.example.measureapp               I  Camera 4 facing CAMERA_FACING_FRONT state now CAMERA_STATE_CLOSED for client client.pid<1738> API Level 2 User Id 0Device Id 0
2025-11-23 11:37:35.999 24233-24251 CameraManagerGlobal     com.example.measureapp               I  Camera 52 facing CAMERA_FACING_BACK state now CAMERA_STATE_CLOSED for client android.system API Level 2 User Id 0Device Id 0
2025-11-23 11:37:35.999 24233-24251 CameraManagerGlobal     com.example.measureapp               I  Camera 54 facing CAMERA_FACING_BACK state now CAMERA_STATE_CLOSED for client android.system API Level 2 User Id 0Device Id 0
2025-11-23 11:37:35.999 24233-24251 CameraManagerGlobal     com.example.measureapp               I  Camera 56 facing CAMERA_FACING_BACK state now CAMERA_STATE_CLOSED for client android.system API Level 2 User Id 0Device Id 0
2025-11-23 11:37:35.999 24233-24251 CameraManagerGlobal     com.example.measureapp               I  Camera 58 facing CAMERA_FACING_BACK state now CAMERA_STATE_CLOSED for client android.system API Level 2 User Id 0Device Id 0
2025-11-23 11:37:35.999 24233-24251 CameraManagerGlobal     com.example.measureapp               I  Camera 90 facing CAMERA_FACING_FRONT state now CAMERA_STATE_CLOSED for client android.system API Level 2 User Id 0Device Id 0
2025-11-23 11:37:36.005 24233-24233 nativeloader            com.example.measureapp               D  Load /data/app/~~2oMtV8JbpOz_8UsojoZDZQ==/com.google.ar.core-_LvffoGxdvhnmU0HpmQ4sA==/base.apk!/lib/arm64-v8a/libhardware_buffer_stream_jni.so using class loader ns clns-10 (caller=/data/app/~~2oMtV8JbpOz_8UsojoZDZQ==/com.google.ar.core-_LvffoGxdvhnmU0HpmQ4sA==/base.apk): ok
2025-11-23 11:37:36.010 24233-24233 native                  com.example.measureapp               I  I0000 00:00:1763878056.010088   24233 session_create_implementation_shared.cc:1618] ARCore feature image_prevent_callback_during_stop is: = false
2025-11-23 11:37:36.013 24233-24233 native                  com.example.measureapp               I  I0000 00:00:1763878056.013830   24233 android_sensors.cc:129] static sensor with name: lsm6dsv_0 Accelerometer Non-wakeup, type: 1
2025-11-23 11:37:36.013 24233-24233 native                  com.example.measureapp               I  I0000 00:00:1763878056.013848   24233 android_sensors.cc:129] static sensor with name: ak0991x_0 Magnetometer Non-wakeup, type: 2
2025-11-23 11:37:36.013 24233-24233 native                  com.example.measureapp               I  I0000 00:00:1763878056.013852   24233 android_sensors.cc:129] static sensor with name: lsm6dsv_0 Gyroscope Non-wakeup, type: 4
2025-11-23 11:37:36.013 24233-24233 native                  com.example.measureapp               I  I0000 00:00:1763878056.013856   24233 android_sensors.cc:129] static sensor with name: STK33F11 Light Ambient Light Sensor Non-wakeup, type: 5
2025-11-23 11:37:36.013 24233-24233 native                  com.example.measureapp               I  I0000 00:00:1763878056.013860   24233 android_sensors.cc:129] static sensor with name: bmp5 Pressure Sensor Non-wakeup, type: 6
2025-11-23 11:37:36.013 24233-24233 native                  com.example.measureapp               I  I0000 00:00:1763878056.013863   24233 android_sensors.cc:129] static sensor with name: gravity  Non-wakeup, type: 9
2025-11-23 11:37:36.013 24233-24233 native                  com.example.measureapp               I  I0000 00:00:1763878056.013867   24233 android_sensors.cc:129] static sensor with name: linear_acceleration, type: 10
2025-11-23 11:37:36.013 24233-24233 native                  com.example.measureapp               I  I0000 00:00:1763878056.013871   24233 android_sensors.cc:129] static sensor with name: Rotation Vector  Non-wakeup, type: 11
2025-11-23 11:37:36.013 24233-24233 native                  com.example.measureapp               I  I0000 00:00:1763878056.013875   24233 android_sensors.cc:129] static sensor with name: ak0991x_0 Magnetometer-Uncalibrated Non-wakeup, type: 14
2025-11-23 11:37:36.013 24233-24233 native                  com.example.measureapp               I  I0000 00:00:1763878056.013879   24233 android_sensors.cc:129] static sensor with name: Game Rotation Vector  Non-wakeup, type: 15
2025-11-23 11:37:36.013 24233-24233 native                  com.example.measureapp               I  I0000 00:00:1763878056.013883   24233 android_sensors.cc:129] static sensor with name: lsm6dsv_0 Gyroscope-Uncalibrated Non-wakeup, type: 16
2025-11-23 11:37:36.013 24233-24233 native                  com.example.measureapp               I  I0000 00:00:1763878056.013886   24233 android_sensors.cc:129] static sensor with name: smd  Wakeup, type: 17
2025-11-23 11:37:36.013 24233-24233 native                  com.example.measureapp               I  I0000 00:00:1763878056.013897   24233 android_sensors.cc:129] static sensor with name: step_detector  Non-wakeup, type: 18
2025-11-23 11:37:36.013 24233-24233 native                  com.example.measureapp               I  I0000 00:00:1763878056.013901   24233 android_sensors.cc:129] static sensor with name: step_counter  Non-wakeup, type: 19
2025-11-23 11:37:36.013 24233-24233 native                  com.example.measureapp               I  I0000 00:00:1763878056.013904   24233 android_sensors.cc:129] static sensor with name: Tilt Detector  Wakeup, type: 22
2025-11-23 11:37:36.013 24233-24233 native                  com.example.measureapp               I  I0000 00:00:1763878056.013908   24233 android_sensors.cc:129] static sensor with name: Pick Up Gesture  Wakeup, type: 25
2025-11-23 11:37:36.013 24233-24233 native                  com.example.measureapp               I  I0000 00:00:1763878056.013912   24233 android_sensors.cc:129] static sensor with name: auto_rotation Screen Orientation Sensor Non-wakeup, type: 27
2025-11-23 11:37:36.013 24233-24233 native                  com.example.measureapp               I  I0000 00:00:1763878056.013923   24233 android_sensors.cc:129] static sensor with name: motion_detect, type: 30
2025-11-23 11:37:36.013 24233-24233 native                  com.example.measureapp               I  I0000 00:00:1763878056.013926   24233 android_sensors.cc:129] static sensor with name: lsm6dsv_0 Accelerometer-Uncalibrated Non-wakeup, type: 35
2025-11-23 11:37:36.013 24233-24233 native                  com.example.measureapp               I  I0000 00:00:1763878056.013939   24233 android_sensors.cc:129] static sensor with name: STK33F11 Light Strm WideIR ALS Non-wakeup, type: 65578
2025-11-23 11:37:36.013 24233-24233 native                  com.example.measureapp               I  I0000 00:00:1763878056.013942   24233 android_sensors.cc:129] static sensor with name: interrupt_gyro  Non-wakeup, type: 65579
2025-11-23 11:37:36.013 24233-24233 native                  com.example.measureapp               I  I0000 00:00:1763878056.013946   24233 android_sensors.cc:129] static sensor with name: STK33F11 Proximity Strm Proximity strm Non-wakeup, type: 65582
