2025-11-23 11:37:36.025 24233-24233 native                  com.example.measureapp               I  I0000 00:00:1763878056.025357   24233 motion_tracking_context_config_helpers.cc:913] [MTCC] expected_feature_frame_rate: 2
2025-11-23 11:37:36.025 24233-24233 native                  com.example.measureapp               I  I0000 00:00:1763878056.025359   24233 motion_tracking_context_config_helpers.cc:913] [MTCC] moving_platform_detector_config:
2025-11-23 11:37:36.025 24233-24233 native                  com.example.measureapp               I  I0000 00:00:1763878056.025362   24233 motion_tracking_context_config_helpers.cc:913] [MTCC] mpd-enable_moving_platform_detector: 0
2025-11-23 11:37:36.025 24233-24233 native                  com.example.measureapp               I  I0000 00:00:1763878056.025365   24233 motion_tracking_context_config_helpers.cc:913] [MTCC] mpd-mode: VelocityVariance
2025-11-23 11:37:36.025 24233-24233 native                  com.example.measureapp               I  I0000 00:00:1763878056.025368   24233 motion_tracking_context_config_helpers.cc:913] [MTCC] mpd-reset_vio_on_moving_platform: 1
2025-11-23 11:37:36.025 24233-24233 native                  com.example.measureapp               I  I0000 00:00:1763878056.025371   24233 motion_tracking_context_config_helpers.cc:913] [MTCC] mpd-filter_alpha: 0.9
2025-11-23 11:37:36.025 24233-24233 native                  com.example.measureapp               I  I0000 00:00:1763878056.025374   24233 motion_tracking_context_config_helpers.cc:913] [MTCC] mpd-correction_position_delta_threshold: 0.03
2025-11-23 11:37:36.025 24233-24233 native                  com.example.measureapp               I  I0000 00:00:1763878056.025377   24233 motion_tracking_context_config_helpers.cc:913] [MTCC] mpd-use_velocity_variance: 1
2025-11-23 11:37:36.025 24233-24233 native                  com.example.measureapp               I  I0000 00:00:1763878056.025379   24233 motion_tracking_context_config_helpers.cc:913] [MTCC] mpd-velocity_variance_threshold: 0.0005
2025-11-23 11:37:36.025 24233-24233 native                  com.example.measureapp               I  I0000 00:00:1763878056.025382   24233 motion_tracking_context_config_helpers.cc:913] [MTCC] mpd-velocity_variance_filter_alpha: 0.8
2025-11-23 11:37:36.025 24233-24233 native                  com.example.measureapp               I  I0000 00:00:1763878056.025384   24233 motion_tracking_context_config_helpers.cc:913] [MTCC] mpd-velocity_variance_nth_landmark: 10
2025-11-23 11:37:36.025 24233-24233 native                  com.example.measureapp               I  I0000 00:00:1763878056.025387   24233 motion_tracking_context_config_helpers.cc:913] [MTCC] mpd-velocity_variance_landmark_distance: 10
2025-11-23 11:37:36.025 24233-24233 native                  com.example.measureapp               I  I0000 00:00:1763878056.025389   24233 motion_tracking_context_config_helpers.cc:913] [MTCC] mpd-relative_position_error_squared_threshold: 0.003025
2025-11-23 11:37:36.025 24233-24233 native                  com.example.measureapp               I  I0000 00:00:1763878056.025392   24233 motion_tracking_context_config_helpers.cc:913] [MTCC] mpd-enable_extra_logging: 0
2025-11-23 11:37:36.025 24233-24233 native                  com.example.measureapp               I  I0000 00:00:1763878056.025395   24233 motion_tracking_context_config_helpers.cc:913] [MTCC] max_sbr_failures_for_localization_reevaluation: 2
2025-11-23 11:37:36.025 24233-24233 native                  com.example.measureapp               I  I0000 00:00:1763878056.025397   24233 motion_tracking_context_config_helpers.cc:913] [MTCC] enable_new_world_for_recovery_from_inertial_fallback: 1
2025-11-23 11:37:36.025 24233-24233 native                  com.example.measureapp               I  I0000 00:00:1763878056.025400   24233 motion_tracking_context_config_helpers.cc:913] [MTCC] enable_partially_copy_for_map_publishing: 0
2025-11-23 11:37:36.025 24233-24233 native                  com.example.measureapp               I  I0000 00:00:1763878056.025688   24233 motion_tracking_context.cc:937] VPS data synchronizer is successfully initialized.
2025-11-23 11:37:36.026 24233-24233 native                  com.example.measureapp               I  I0000 00:00:1763878056.026011   24233 feature_matcher_and_filter.cc:305] Enabled the robustification to large-sized and fast-moving objects on this mono-camera device.
2025-11-23 11:37:36.027 24233-24233 native                  com.example.measureapp               I  I0000 00:00:1763878056.027397   24233 fused_pose_provider.cc:127] FusedPoseProvider config.max_alignment_transforms: 4 config.reset_world_if_no_vio: true config.reset_world_for_recovery_from_inertial_fallback: true
2025-11-23 11:37:36.027 24233-24233 tflite                  com.example.measureapp               I  Replacing 3 out of 3 node(s) with delegate (TfLiteXNNPackDelegate) node, yielding 1 partitions for subgraph 0.
2025-11-23 11:37:36.027 24233-24233 native                  com.example.measureapp               I  I0000 00:00:1763878056.027626   24233 pose_confidence_estimator.cc:230] Pose confidence model loaded successfully
2025-11-23 11:37:36.027 24233-24233 native                  com.example.measureapp               I  I0000 00:00:1763878056.027714   24233 bundle_adjustment_initializer.cc:122] [SSBA Initialization] SSBA initialization uses imu preintegration error with shared bias term.
2025-11-23 11:37:36.027 24233-24233 native                  com.example.measureapp               I  I0000 00:00:1763878056.027721   24233 bundle_adjustment_initializer.cc:124] [SSBA Initialization] SSBA initialization uses Ceres and uses double as Scalar.
2025-11-23 11:37:36.040 24233-24233 native                  com.example.measureapp               I  I0000 00:00:1763878056.040511   24233 visual_inertial_wls.cc:205] [M] Initializing VisualInertialWLS with viwls_config_.enable_loop_closure: true
2025-11-23 11:37:36.040 24233-24233 native                  com.example.measureapp               I  I0000 00:00:1763878056.040562   24233 visual_inertial_wls.cc:209] [M] Initializing VisualInertialWLS with viwls_config_.run_pgo_before_bundle_adjustment: false
2025-11-23 11:37:36.041 24233-24233 native                  com.example.measureapp               I  I0000 00:00:1763878056.041908   24233 motion_tracking_context.cc:3871] MTC Enable CPU landmark triangulation
2025-11-23 11:37:36.042 24233-24233 native                  com.example.measureapp               I  I0000 00:00:1763878056.042588   24233 asset_manager_util.cc:61] Created global reference to asset manager.
2025-11-23 11:37:36.042 24233-24233 native                  com.example.measureapp               I  I0000 00:00:1763878056.042599   24233 session_create_implementation_shared.cc:1774] Normal detector created.
2025-11-23 11:37:36.044 24233-24233 native                  com.example.measureapp               I  I0000 00:00:1763878056.044825   24233 planar_target_tracking_manager.h:116] Config of PlanarTargetTrackingManager:
                                                                                                    -pose_refinement_with_detection_interval_ns: 0
                                                                                                    -min_interval_between_detections_ns: 500000000
                                                                                                    -filter_parallax: false
                                                                                                    -filter_result: true
                                                                                                    -multiple_targets: true
                                                                                                    -mini_detection: true
                                                                                                    -tracking_mode: 1
                                                                                                    -camera_id: 0
2025-11-23 11:37:36.045 24233-24233 native                  com.example.measureapp               I  I0000 00:00:1763878056.045498   24233 session_create_implementation.cc:422] ARCore feature image_prevent_callback_during_stop 2 is: = false
2025-11-23 11:37:36.046 24233-24233 native                  com.example.measureapp               I  I0000 00:00:1763878056.046305   24233 camera_config_manager.cc:720] UpdateBugFixes on CameraConfigManager is unimplemented!
2025-11-23 11:37:36.046 24233-24233 third_part...age_jni.cc com.example.measureapp               I  Loading AImage symbols
2025-11-23 11:37:36.047 24233-24233 native                  com.example.measureapp               I  I0000 00:00:1763878056.047269   24233 session.cc:628] New session config:
                                                                                                    ArConfig
                                                                                                     augmented_face_mode:           AR_AUGMENTED_FACE_MODE_DISABLED
                                                                                                     augmented_image_database:      <null>
                                                                                                     cloud_anchor_mode:             AR_CLOUD_ANCHOR_MODE_DISABLED
                                                                                                     depth_mode:                    AR_DEPTH_MODE_DISABLED
                                                                                                     semantic_mode:                AR_SEMANTIC_MODE_DISABLED
                                                                                                     focus_mode:                    AR_FOCUS_MODE_FIXED
                                                                                                     geospatial_mode:               AR_GEOSPATIAL_MODE_DISABLED
                                                                                                     instant_placement_mode:        AR_INSTANT_PLACEMENT_MODE_DISABLED
                                                                                                     light_estimation_mode:         AR_LIGHT_ESTIMATION_MODE_AMBIENT_INTENSITY
                                                                                                     plane_finding_mode:            AR_PLANE_FINDING_MODE_HORIZONTAL_AND_VERTICAL
                                                                                                     update_mode:                   AR_UPDATE_MODE_LATEST_CAMERA_IMAGE
2025-11-23 11:37:36.047 24233-24233 native                  com.example.measureapp               I  I0000 00:00:1763878056.047299   24233 session.cc:621] Session::CheckAndWriteCurrentConfig returning OK.
2025-11-23 11:37:36.052 24233-24233 native                  com.example.measureapp               I  I0000 00:00:1763878056.052031   24233 session.cc:628] New session config:
                                                                                                    ArConfig
                                                                                                     augmented_face_mode:           AR_AUGMENTED_FACE_MODE_DISABLED
                                                                                                     augmented_image_database:      <null>
                                                                                                     cloud_anchor_mode:             AR_CLOUD_ANCHOR_MODE_DISABLED
                                                                                                     depth_mode:                    AR_DEPTH_MODE_DISABLED
                                                                                                     semantic_mode:                AR_SEMANTIC_MODE_DISABLED
                                                                                                     focus_mode:                    AR_FOCUS_MODE_AUTO
                                                                                                     geospatial_mode:               AR_GEOSPATIAL_MODE_DISABLED
                                                                                                     instant_placement_mode:        AR_INSTANT_PLACEMENT_MODE_DISABLED
                                                                                                     light_estimation_mode:         AR_LIGHT_ESTIMATION_MODE_AMBIENT_INTENSITY
                                                                                                     plane_finding_mode:            AR_PLANE_FINDING_MODE_HORIZONTAL
                                                                                                     update_mode:                   AR_UPDATE_MODE_LATEST_CAMERA_IMAGE
2025-11-23 11:37:36.052 24233-24233 native                  com.example.measureapp               I  I0000 00:00:1763878056.052062   24233 session.cc:621] Session::CheckAndWriteCurrentConfig returning OK.
2025-11-23 11:37:36.056 24233-24233 native                  com.example.measureapp               I  I0000 00:00:1763878056.056043   24233 session.cc:1289] Entering Session::Resume.
2025-11-23 11:37:36.056 24233-24233 native                  com.example.measureapp               I  I0000 00:00:1763878056.056157   24233 camera_config_manager.cc:720] UpdateBugFixes on CameraConfigManager is unimplemented!
2025-11-23 11:37:36.061 24233-24233 native                  com.example.measureapp               I  I0000 00:00:1763878056.061220   24233 session.cc:3638] Update Frame Delay to 0 frames.
2025-11-23 11:37:36.063 24233-24233 native                  com.example.measureapp               I  I0000 00:00:1763878056.063016   24233 android_sensors.cc:354] Starting thread.
2025-11-23 11:37:36.066 24233-24233 native                  com.example.measureapp               I  I0000 00:00:1763878056.066569   24233 logger.h:29] DataSourceMetrics: kStartImageSubSystem: 3.499635ms
2025-11-23 11:37:36.066 24233-24233 native                  com.example.measureapp               I  I0000 00:00:1763878056.066584   24233 session.cc:1477] Session::ResumeWithAnalytics returning OK.
2025-11-23 11:37:36.067 24233-24387 native                  com.example.measureapp               I  I0000 00:00:1763878056.067722   24387 android_sensor_event_source.cc:357] Adding sensor SENSOR_TYPE_ACCELEROMETER_UNCALIBRATED requested batch delay (us)0 requested sample period 5ms
2025-11-23 11:37:36.070 24233-24233 ViewRootImpl            com.example.measureapp               D  desktopMode is false
2025-11-23 11:37:36.070 24233-24233 ViewRootImpl            com.example.measureapp               I  dVRR is disabled
2025-11-23 11:37:36.070 24233-24274 NativeCust...ncyManager com.example.measureapp               D  [NativeCFMS] BpCustomFrequencyManager::BpCustomFrequencyManager()
2025-11-23 11:37:36.072 24233-24233 InputTransport          com.example.measureapp               D  Input channel constructed: '994e876', fd=176
2025-11-23 11:37:36.072 24233-24233 InsetsController        com.example.measureapp               I  onStateChanged: host=com.example.measureapp/com.example.measureapp.ar.MeasureActivity, from=android.view.ViewRootImpl.onInsetsStateChanged:3026, state=InsetsState: {mDisplayFrame=Rect(0, 0 - 1080, 2340), mDisplayCutout=DisplayCutout{insets=Rect(0, 85 - 0, 0) waterfall=Insets{left=0, top=0, right=0, bottom=0} boundingRect={Bounds=[Rect(0, 0 - 0, 0), Rect(514, 0 - 566, 85), Rect(0, 0 - 0, 0), Rect(0, 0 - 0, 0)]} cutoutPathParserInfo={CutoutPathParserInfo{displayWidth=1080 displayHeight=2340 physicalDisplayWidth=1080 physicalDisplayHeight=2340 density={2.8125} cutoutSpec={M 0,0 H -9.333333333333333 V 30.13333333333333 H 9.333333333333333 V 0 H 0 Z @dp} rotation={0} scale={1.0} physicalPixelDisplaySizeRatio={1.0}}} sideOverrides={}}, mRoundedCorners=RoundedCorners{[RoundedCorner{position=TopLeft, radius=42, center=Point(42, 42)}, RoundedCorner{position=TopRight, radius=42, center=Point(1038, 42)}, RoundedCorner{position=BottomRight, radius=42, center=Point(1038, 2298)}, RoundedCorner{position=BottomLeft, radius=42, center=Point(42, 2298)}]}  mRoundedCornerFrame=Rect(0, 0 - 1080, 2340), mPrivacyIndicatorBounds=PrivacyIndicatorBounds {static bounds=Rect(956, 0 - 1080, 85) rotation=0}, mDisplayShape=DisplayShape{ spec=-311912193 displayWidth=1080 displayHeight=2340 physicalPixelDisplaySizeRatio=0.75 rotation=0 offsetX=0 offsetY=0 scale=1.0}, mSources= { InsetsSource: {f7cc0000 mType=statusBars mFrame=[0,0][1080,85] mVisible=true mFlags= mSideHint=TOP mBoundingRects=null}, InsetsSource: {f7cc0005 mType=mandatorySystemGestures mFrame=[0,0][1080,119] mVisible=true mFlags= mSideHint=TOP mBoundingRects=null}, InsetsSource: {f7cc0006 mType=tappableElement mFrame=[0,0][1080,85] mVisible=true mFlags= mSideHint=TOP mBoundingRects=null}, InsetsSource: {3 mType=ime mFrame=[0,0][0,0] mVisible=false mFlags= mSideHint=NONE mBoundingRects=null}, InsetsSource: {27 mType=displayCutout mFrame=[0,0][1080,85] mVisible=true mFlags= mSideHint=TOP mBoundingRects=null}, InsetsSource: {7030001 mType=navigationBars mFrame=[0,2298][1080,2340] mVisible=true mFlags=SUPPRESS_SCRIM mSideHint=BOTTOM mBoundingRects=null}, InsetsSource: {7030004 mType=systemGestures mFrame=[0,0][84,2340] mVisible=true mFlags= mSideHint=LEFT mBoundingRects=null}, InsetsSource: {7030005 mType=mandatorySystemGestures mFrame=[0,2250][1080,2340] mVisible=true mFlags= mSideHint=BOTTOM mBoundingRects=null}, InsetsSource: {7030006 mType=tappableElement mFrame=[0,0][0,0] mVisible=true mFlags= mSideHint=NONE mBoundingRects=null}, InsetsSource: {7030024 mType=systemGestures mFrame=[996,0][1080,2340] mVisible=true mFlags= mSideHint=RIGHT mBoundingRects=null} }
2025-11-23 11:37:36.072 24233-24233 VRI[Measur...y]@6198de8 com.example.measureapp               I  synced displayState. AttachInfo displayState=2
2025-11-23 11:37:36.072 24233-24233 VRI[Measur...y]@6198de8 com.example.measureapp               I  setView = com.android.internal.policy.DecorView@593dce7 IsHRR=false mFlingFrameRateChange=0 TM=true
2025-11-23 11:37:36.073 24233-24233 Choreographer           com.example.measureapp               I  Skipped 42 frames!  The application may be doing too much work on its main thread.
2025-11-23 11:37:36.073 24233-24278 perf_hint               com.example.measureapp               E  Session ID too large, must fit 32-bit integer
2025-11-23 11:37:36.074 24233-24387 native                  com.example.measureapp               W  W0000 00:00:1763878056.074221   24387 android_sensor_event_source.cc:380] INTERNAL: Could not create direct sensor channel
                                                                                                    === Source Location Trace: ===
                                                                                                    third_party/arcore/ar/infrastructure/android/android_sensor_event_source.cc:181
2025-11-23 11:37:36.074 24233-24387 native                  com.example.measureapp               I  I0000 00:00:1763878056.074253   24387 android_sensor_event_source.cc:265] Configuring SENSOR_TYPE_ACCELEROMETER_UNCALIBRATED min delay 5ms requesting 5ms
2025-11-23 11:37:36.074 24233-24387 native                  com.example.measureapp               I  I0000 00:00:1763878056.074263   24387 android_sensor_event_source.cc:279] Configuring SENSOR_TYPE_ACCELEROMETER_UNCALIBRATED max batch size 10000 requesting batch delay 0s
2025-11-23 11:37:36.076 24233-24387 native                  com.example.measureapp               I  I0000 00:00:1763878056.076705   24387 android_sensor_event_source.cc:357] Adding sensor SENSOR_TYPE_GYROSCOPE_UNCALIBRATED requested batch delay (us)0 requested sample period 5ms
2025-11-23 11:37:36.077 24233-24251 CameraManagerGlobal     com.example.measureapp               I  Camera 0 facing CAMERA_FACING_BACK state now CAMERA_STATE_OPENING for client com.example.measureapp API Level 2 User Id 0Device Id 0
2025-11-23 11:37:36.077 24233-24233 native                  com.example.measureapp               I  I0000 00:00:1763878056.077838   24233 session.cc:3638] Update Frame Delay to 0 frames.
2025-11-23 11:37:36.080 24233-24233 SV[2314682...eActivity] com.example.measureapp               I  onWindowVisibilityChanged(0) true io.github.sceneview.ar.ARSceneView{dcbeca9 V.E...... ......I. 0,0-0,0 #7f08016c app:id/scene_view} of VRI[MeasureActivity]@6198de8
2025-11-23 11:37:36.080 24233-24233 SurfaceView             com.example.measureapp               D  231468201 updateSurface: has no frame
2025-11-23 11:37:36.080 24233-24330 CameraManagerGlobal     com.example.measureapp               I  Camera 0 facing CAMERA_FACING_BACK state now CAMERA_STATE_OPEN for client com.example.measureapp API Level 2 User Id 0Device Id 0
2025-11-23 11:37:36.085 24233-24233 BufferQueueProducer     com.example.measureapp               I  [](id:5ea900000003,api:0,p:4,c:24233) setDequeueTimeout:2077252342
2025-11-23 11:37:36.085 24233-24233 BLASTBufferQueue_Java   com.example.measureapp               I  new BLASTBufferQueue, mName= VRI[MeasureActivity]@6198de8 mNativeObject= 0xb40000795593d190 caller= android.view.ViewRootImpl.updateBlastSurfaceIfNeeded:3585 android.view.ViewRootImpl.relayoutWindow:11685 android.view.ViewRootImpl.performTraversals:4804 android.view.ViewRootImpl.doTraversal:3924 android.view.ViewRootImpl$TraversalRunnable.run:12903 android.view.Choreographer$CallbackRecord.run:1901 android.view.Choreographer$CallbackRecord.run:1910 android.view.Choreographer.doCallbacks:1367 android.view.Choreographer.doFrame:1292 android.view.Choreographer$FrameDisplayEventReceiver.run:1870 
2025-11-23 11:37:36.085 24233-24233 BLASTBufferQueue_Java   com.example.measureapp               I  update, w= 1080 h= 2340 mName = VRI[MeasureActivity]@6198de8 mNativeObject= 0xb40000795593d190 sc.mNativeObject= 0xb400007965841010 format= -3 caller= android.view.ViewRootImpl.updateBlastSurfaceIfNeeded:3590 android.view.ViewRootImpl.relayoutWindow:11685 android.view.ViewRootImpl.performTraversals:4804 android.view.ViewRootImpl.doTraversal:3924 android.view.ViewRootImpl$TraversalRunnable.run:12903 android.view.Choreographer$CallbackRecord.run:1901 
2025-11-23 11:37:36.085 24233-24233 VRI[Measur...y]@6198de8 com.example.measureapp               I  Relayout returned: old=(0,0,1080,2340) new=(0,0,1080,2340) relayoutAsync=false req=(1080,2340)0 dur=2 res=0x3 s={true 0xb4000079b58da440} ch=true seqId=0
2025-11-23 11:37:36.085 24233-24233 VRI[Measur...y]@6198de8 com.example.measureapp               I  performConfigurationChange setNightDimText nightDimLevel=75
2025-11-23 11:37:36.085 24233-24233 VRI[Measur...y]@6198de8 com.example.measureapp               D  mThreadedRenderer.initialize() mSurface={isValid=true 0xb4000079b58da440} hwInitialized=true
2025-11-23 11:37:36.085 24233-24233 SurfaceView             com.example.measureapp               D  231468201 updateSurface: has no frame
2025-11-23 11:37:36.086 24233-24233 SV[2314682...eActivity] com.example.measureapp               I  windowStopped(false) true io.github.sceneview.ar.ARSceneView{dcbeca9 V.E...... ......ID 0,0-1080,2340 #7f08016c app:id/scene_view} of VRI[MeasureActivity]@6198de8
2025-11-23 11:37:36.086 24233-24233 SurfaceView             com.example.measureapp               D  231468201 updateSurface: has no frame
2025-11-23 11:37:36.086 24233-24233 VRI[Measur...y]@6198de8 com.example.measureapp               D  reportNextDraw android.view.ViewRootImpl.performTraversals:5443 android.view.ViewRootImpl.doTraversal:3924 android.view.ViewRootImpl$TraversalRunnable.run:12903 android.view.Choreographer$CallbackRecord.run:1901 android.view.Choreographer$CallbackRecord.run:1910 
2025-11-23 11:37:36.086 24233-24233 SurfaceView             com.example.measureapp               I  231468201 Changes: creating=true format=true size=true visible=true alpha=false hint=false left=true top=true z=false attached=true lifecycleStrategy=false
2025-11-23 11:37:36.086 24233-24233 BufferQueueProducer     com.example.measureapp               I  [](id:5ea900000004,api:0,p:0,c:24233) setDequeueTimeout:2077252342
2025-11-23 11:37:36.088 24233-24233 BLASTBufferQueue_Java   com.example.measureapp               I  new BLASTBufferQueue, mName= dcbeca9 SurfaceView[com.example.measureapp/com.example.measureapp.ar.MeasureActivity]@0 mNativeObject= 0xb40000795593f1b0 caller= android.view.SurfaceView.createBlastSurfaceControls:1781 android.view.SurfaceView.updateSurface:1450 android.view.SurfaceView.lambda$new$0:280 android.view.SurfaceView.$r8$lambda$NfZyM_TG8F8lqzaOVZ7noREFjzU:0 android.view.SurfaceView$$ExternalSyntheticLambda1.onPreDraw:0 android.view.ViewTreeObserver.dispatchOnPreDraw:1229 android.view.ViewRootImpl.performTraversals:5448 android.view.ViewRootImpl.doTraversal:3924 android.view.ViewRootImpl$TraversalRunnable.run:12903 android.view.Choreographer$CallbackRecord.run:1901 
2025-11-23 11:37:36.088 24233-24233 BLASTBufferQueue_Java   com.example.measureapp               I  update, w= 1080 h= 2340 mName = dcbeca9 SurfaceView[com.example.measureapp/com.example.measureapp.ar.MeasureActivity]@0 mNativeObject= 0xb40000795593f1b0 sc.mNativeObject= 0xb400007965841e50 format= 4 caller= android.view.SurfaceView.createBlastSurfaceControls:1782 android.view.SurfaceView.updateSurface:1450 android.view.SurfaceView.lambda$new$0:280 android.view.SurfaceView.$r8$lambda$NfZyM_TG8F8lqzaOVZ7noREFjzU:0 android.view.SurfaceView$$ExternalSyntheticLambda1.onPreDraw:0 android.view.ViewTreeObserver.dispatchOnPreDraw:1229 
2025-11-23 11:37:36.088 24233-24233 SurfaceView             com.example.measureapp               I  231468201 Cur surface: Surface(name=null mNativeObject=0)/@0xc04118
2025-11-23 11:37:36.088 24233-24233 SurfaceComposerClient   com.example.measureapp               D  setCornerRadius ## dcbeca9 SurfaceView[com.example.measureapp/com.example.measureapp.ar.MeasureActivity]@0#125857 cornerRadius=0.000000
2025-11-23 11:37:36.088 24233-24233 SV[2314682...eActivity] com.example.measureapp               I  pST: sr = Rect(0, 0 - 1080, 2340) sw = 1080 sh = 2340
2025-11-23 11:37:36.088 24233-24233 SurfaceView             com.example.measureapp               D  231468201 performSurfaceTransaction RenderWorker position = [0, 0, 1080, 2340] surfaceSize = 1080x2340
2025-11-23 11:37:36.088 24233-24233 SV[2314682...eActivity] com.example.measureapp               I  updateSurface: mVisible = true mSurface.isValid() = true
2025-11-23 11:37:36.088 24233-24233 SV[2314682...eActivity] com.example.measureapp               I  updateSurface: mSurfaceCreated = false surfaceChanged = true visibleChanged = true
2025-11-23 11:37:36.088 24233-24233 SurfaceView             com.example.measureapp               I  231468201 visibleChanged -- surfaceCreated
2025-11-23 11:37:36.088 24233-24233 SV[2314682...eActivity] com.example.measureapp               I  surfaceCreated 1 #8 io.github.sceneview.ar.ARSceneView{dcbeca9 V.E...... ......ID 0,0-1080,2340 #7f08016c app:id/scene_view}
2025-11-23 11:37:36.088 24233-24233 SurfaceView             com.example.measureapp               I  231468201 surfaceChanged -- format=4 w=1080 h=2340
2025-11-23 11:37:36.088 24233-24233 SV[2314682...eActivity] com.example.measureapp               I  surfaceChanged (1080,2340) 1 #8 io.github.sceneview.ar.ARSceneView{dcbeca9 V.E...... ......ID 0,0-1080,2340 #7f08016c app:id/scene_view}
2025-11-23 11:37:36.096 24233-24233 SurfaceView             com.example.measureapp               I  231468201 surfaceRedrawNeeded
2025-11-23 11:37:36.096 24233-24233 SurfaceView             com.example.measureapp               I  231468201 finishedDrawing
2025-11-23 11:37:36.096 24233-24233 SurfaceView             com.example.measureapp               V  Layout: x=0 y=0 w=1080 h=2340, frame=Rect(0, 0 - 1080, 2340)
2025-11-23 11:37:36.096 24233-24233 VRI[Measur...y]@6198de8 com.example.measureapp               D  Setup new sync=wmsSync-VRI[MeasureActivity]@6198de8#3
2025-11-23 11:37:36.096 24233-24233 VRI[Measur...y]@6198de8 com.example.measureapp               I  Creating new active sync group VRI[MeasureActivity]@6198de8#4
2025-11-23 11:37:36.096 24233-24233 VRI[Measur...y]@6198de8 com.example.measureapp               D  registerCallbacksForSync syncBuffer=false
2025-11-23 11:37:36.097 24233-24274 SurfaceView             com.example.measureapp               D  231468201 updateSurfacePosition RenderWorker, frameNr = 1, position = [0, 0, 1080, 2340] surfaceSize = 1080x2340
2025-11-23 11:37:36.097 24233-24274 SV[2314682...eActivity] com.example.measureapp               I  uSP: rtp = Rect(0, 0 - 1080, 2340) rtsw = 1080 rtsh = 2340
2025-11-23 11:37:36.097 24233-24274 SV[2314682...eActivity] com.example.measureapp               I  onSSPAndSRT: pl = 0 pt = 0 sx = 1.0 sy = 1.0
2025-11-23 11:37:36.097 24233-24274 SV[2314682...eActivity] com.example.measureapp               I  aOrMT: VRI[MeasureActivity]@6198de8 t = android.view.SurfaceControl$Transaction@9817073 fN = 1 android.view.SurfaceView.-$$Nest$mapplyOrMergeTransaction:0 android.view.SurfaceView$SurfaceViewPositionUpdateListener.positionChanged:1932 android.graphics.RenderNode$CompositePositionUpdateListener.positionChanged:401 
2025-11-23 11:37:36.097 24233-24274 VRI[Measur...y]@6198de8 com.example.measureapp               I  mWNT: t=0xb400007a95896a50 mBlastBufferQueue=0xb40000795593d190 fn= 1 HdrRenderState mRenderHdrSdrRatio=1.0 caller= android.view.SurfaceView.applyOrMergeTransaction:1863 android.view.SurfaceView.-$$Nest$mapplyOrMergeTransaction:0 android.view.SurfaceView$SurfaceViewPositionUpdateListener.positionChanged:1932 
2025-11-23 11:37:36.097 24233-24277 VRI[Measur...y]@6198de8 com.example.measureapp               D  Received frameDrawingCallback syncResult=0 frameNum=1.
2025-11-23 11:37:36.098 24233-24277 VRI[Measur...y]@6198de8 com.example.measureapp               I  mWNT: t=0xb400007a95899b50 mBlastBufferQueue=0xb40000795593d190 fn= 1 HdrRenderState mRenderHdrSdrRatio=1.0 caller= android.view.ViewRootImpl$12.onFrameDraw:15441 android.view.ThreadedRenderer$1.onFrameDraw:718 <bottom of call stack> 
2025-11-23 11:37:36.098 24233-24277 VRI[Measur...y]@6198de8 com.example.measureapp               I  Setting up sync and frameCommitCallback
2025-11-23 11:37:36.100 24233-24274 BLASTBufferQueue        com.example.measureapp               I  [VRI[MeasureActivity]@6198de8#1](f:0,a:0,s:0) onFrameAvailable the first frame is available
2025-11-23 11:37:36.100 24233-24274 SurfaceComposerClient   com.example.measureapp               I  apply transaction with the first frame. layerId: 125853, bufferData(ID: 104079942483973, frameNumber: 1)
2025-11-23 11:37:36.100 24233-24274 VRI[Measur...y]@6198de8 com.example.measureapp               I  Received frameCommittedCallback lastAttemptedDrawFrameNum=1 didProduceBuffer=true
2025-11-23 11:37:36.100 24233-24274 HWUI                    com.example.measureapp               D  CFMS:: SetUp Pid : 24233    Tid : 24274
2025-11-23 11:37:36.100 24233-24233 VRI[Measur...y]@6198de8 com.example.measureapp               D  reportDrawFinished seqId=0
2025-11-23 11:37:36.102 24233-24233 View                    com.example.measureapp               I  setRequestedFrameRate frameRate=NaN, this=androidx.compose.ui.platform.AndroidComposeView{e8ad555 VFED..... ........ 0,0-1080,2340 aid=1073741824}, caller=android.view.ViewGroup.setRequestedFrameRate:9952 androidx.compose.ui.platform.Api35Impl.setRequestedFrameRate:3314 androidx.compose.ui.platform.AndroidComposeView.dispatchDraw:1949 android.view.View.draw:26345 android.view.View.updateDisplayListIfDirty:25175 
2025-11-23 11:37:36.102 24233-24233 View                    com.example.measureapp               I  setRequestedFrameRate frameRate=-4.0, this=android.view.View{b7ea23c V.ED..... ........ 0,0-0,0}, caller=androidx.compose.ui.platform.Api35Impl.setRequestedFrameRate:3314 androidx.compose.ui.platform.AndroidComposeView.dispatchDraw:1950 android.view.View.draw:26345 android.view.View.updateDisplayListIfDirty:25175 android.view.View.draw:26072 
2025-11-23 11:37:36.102 24233-24233 ImeFocusController      com.example.measureapp               I  onPreWindowFocus: skipped hasWindowFocus=false mHasImeFocus=true
2025-11-23 11:37:36.102 24233-24233 ImeFocusController      com.example.measureapp               I  onPostWindowFocus: skipped hasWindowFocus=false mHasImeFocus=true
2025-11-23 11:37:36.104 24233-24387 native                  com.example.measureapp               W  W0000 00:00:1763878056.104632   24387 android_sensor_event_source.cc:380] INTERNAL: Could not create direct sensor channel
                                                                                                    === Source Location Trace: ===
                                                                                                    third_party/arcore/ar/infrastructure/android/android_sensor_event_source.cc:181
2025-11-23 11:37:36.104 24233-24387 native                  com.example.measureapp               I  I0000 00:00:1763878056.104688   24387 android_sensor_event_source.cc:265] Configuring SENSOR_TYPE_GYROSCOPE_UNCALIBRATED min delay 5ms requesting 5ms
2025-11-23 11:37:36.104 24233-24387 native                  com.example.measureapp               I  I0000 00:00:1763878056.104713   24387 android_sensor_event_source.cc:279] Configuring SENSOR_TYPE_GYROSCOPE_UNCALIBRATED max batch size 10000 requesting batch delay 0s
2025-11-23 11:37:36.105 24233-24233 InsetsSourceConsumer    com.example.measureapp               I  applyRequestedVisibilityToControl: visible=true, type=navigationBars, host=com.example.measureapp/com.example.measureapp.MainActivity
2025-11-23 11:37:36.105 24233-24233 InsetsSourceConsumer    com.example.measureapp               I  applyRequestedVisibilityToControl: visible=true, type=statusBars, host=com.example.measureapp/com.example.measureapp.MainActivity
2025-11-23 11:37:36.106 24233-24274 HWUI                    com.example.measureapp               D  HWUI - treat SMPTE_170M as sRGB
2025-11-23 11:37:36.107 24233-24233 InsetsSourceConsumer    com.example.measureapp               I  applyRequestedVisibilityToControl: visible=true, type=navigationBars, host=com.example.measureapp/com.example.measureapp.ar.MeasureActivity
2025-11-23 11:37:36.107 24233-24233 InsetsSourceConsumer    com.example.measureapp               I  applyRequestedVisibilityToControl: visible=true, type=statusBars, host=com.example.measureapp/com.example.measureapp.ar.MeasureActivity
2025-11-23 11:37:36.108  1880-1880  SurfaceFlinger          surfaceflinger                       E  alpha changed 1.000 -> 0.000 - ActivityRecord{14257829 u0 com.example.measureapp/.ar.MeasureActivity t12959}#125847
2025-11-23 11:37:36.108  1880-1880  SurfaceFlinger          surfaceflinger                       E  alpha changed 1.000 -> 0.000 - DimTransitionLayer for Surface(name=ActivityRecord{14257829 u0 com.example.measureapp/.ar.MeasureActivity t12959})/@0x158213a#125861
2025-11-23 11:37:36.116  1880-1880  SurfaceFlinger          surfaceflinger                       E  alpha changed 0.000 -> 1.000 - ActivityRecord{14257829 u0 com.example.measureapp/.ar.MeasureActivity t12959}#125847
2025-11-23 11:37:36.120 24233-24387 native                  com.example.measureapp               I  I0000 00:00:1763878056.119943   24387 input_synchronizer.cc:104] [InputSynchronizer] Received first IMU sample at timestamp: 1012353384639140
2025-11-23 11:37:36.120 24233-24387 native                  com.example.measureapp               I  I0000 00:00:1763878056.120034   24387 input_synchronizer.cc:104] [InputSynchronizer] Received first IMU sample at timestamp: 1012353384639140
2025-11-23 11:37:36.123 24233-24233 VRI[Measur...y]@6198de8 com.example.measureapp               D  mThreadedRenderer.initializeIfNeeded()#2 mSurface={isValid=true 0xb4000079b58da440}
2025-11-23 11:37:36.123 24233-24233 InputMethodManagerUtils com.example.measureapp               D  startInputInner - Id : 0
2025-11-23 11:37:36.124 24233-24233 InputMethodManager      com.example.measureapp               I  startInputInner - IInputMethodManagerGlobalInvoker.startInputOrWindowGainedFocus
2025-11-23 11:37:36.130 24233-24330 InputTransport          com.example.measureapp               D  Input channel constructed: 'ClientS', fd=186
2025-11-23 11:37:36.131 24233-24233 InputMethodManager      com.example.measureapp               I  handleMessage: setImeVisibility visible=false
2025-11-23 11:37:36.131 24233-24233 InsetsController        com.example.measureapp               D  hide(ime(), fromIme=false)
2025-11-23 11:37:36.132  1880-1880  SurfaceFlinger          surfaceflinger                       E  alpha changed 0.000 -> 0.011 - DimTransitionLayer for Surface(name=ActivityRecord{14257829 u0 com.example.measureapp/.ar.MeasureActivity t12959})/@0x158213a#125861
2025-11-23 11:37:36.131 24233-24233 ImeTracker              com.example.measureapp               I  com.example.measureapp:1770db20: onCancelled at PHASE_CLIENT_ALREADY_HIDDEN
2025-11-23 11:37:36.147 24233-24306 BLASTBufferQueue        com.example.measureapp               I  [dcbeca9 SurfaceView[com.example.measureapp/com.example.measureapp.ar.MeasureActivity]@0#2](f:0,a:0,s:0) onFrameAvailable the first frame is available
2025-11-23 11:37:36.147 24233-24306 SurfaceComposerClient   com.example.measureapp               I  apply transaction with the first frame. layerId: 125858, bufferData(ID: 104079942483975, frameNumber: 1)
2025-11-23 11:37:36.228 24233-24233 View                    com.example.measureapp               I  setRequestedFrameRate frameRate=NaN, this=androidx.compose.ui.platform.AndroidComposeView{e8ad555 VFED..... ........ 0,0-1080,2340 aid=1073741824}, caller=android.view.ViewGroup.setRequestedFrameRate:9952 androidx.compose.ui.platform.Api35Impl.setRequestedFrameRate:3314 androidx.compose.ui.platform.AndroidComposeView.dispatchDraw:1949 android.view.View.draw:26345 android.view.View.updateDisplayListIfDirty:25175 
2025-11-23 11:37:36.228 24233-24233 View                    com.example.measureapp               I  setRequestedFrameRate frameRate=NaN, this=android.view.View{b7ea23c V.ED..... ........ 0,0-0,0}, caller=androidx.compose.ui.platform.Api35Impl.setRequestedFrameRate:3314 androidx.compose.ui.platform.AndroidComposeView.dispatchDraw:1950 android.view.View.draw:26345 android.view.View.updateDisplayListIfDirty:25175 android.view.View.draw:26072 
2025-11-23 11:37:36.430 24233-24330 CameraManagerGlobal     com.example.measureapp               I  Camera 0 facing CAMERA_FACING_BACK state now CAMERA_STATE_ACTIVE for client com.example.measureapp API Level 2 User Id 0Device Id 0
2025-11-23 11:37:36.569 24233-24233 VRI[MainAc...y]@4b661fe com.example.measureapp               I  handleAppVisibility mAppVisible = true visible = false
2025-11-23 11:37:36.569 24233-24233 VRI[MainAc...y]@4b661fe com.example.measureapp               D  visibilityChanged oldVisibility=true newVisibility=false
2025-11-23 11:37:36.579 24233-24233 VRI[MainAc...y]@4b661fe com.example.measureapp               I  Relayout returned: old=(0,0,1080,2340) new=(0,0,1080,2340) relayoutAsync=false req=(1080,2340)8 dur=2 res=0x2 s={false 0x0} ch=true seqId=0
2025-11-23 11:37:36.579 24233-24233 VRI[MainAc...y]@4b661fe com.example.measureapp               D  Not drawing due to not visible. Reason=!mAppVisible && !mForceDecorViewVisibility
2025-11-23 11:37:36.579 24233-24233 VRI[MainAc...y]@4b661fe com.example.measureapp               I  stopped(true) old = false
2025-11-23 11:37:36.579 24233-24233 VRI[MainAc...y]@4b661fe com.example.measureapp               D  WindowStopped on com.example.measureapp/com.example.measureapp.MainActivity set to true
2025-11-23 11:37:36.582 15497-15674 WindowManager           system_server                        E  win=Window{ee2e155 u0 com.example.measureapp/com.example.measureapp.MainActivity} destroySurfaces: appStopped=true cleanupOnResume=false win.mWindowRemovalAllowed=false win.mRemoveOnExit=false win.mViewVisibility=8 caller=com.android.server.wm.ActivityRecord.destroySurfaces:25 com.android.server.wm.ActivityRecord.activityStopped:192 com.android.server.wm.ActivityClientController.activityStopped:97 android.app.IActivityClientController$Stub.onTransact:740 com.android.server.wm.ActivityClientController.onTransact:1 android.os.Binder.execTransactInternal:1462 android.os.Binder.execTransact:1401 
2025-11-23 11:37:36.601 24233-24386 native                  com.example.measureapp               I  I0000 00:00:1763878056.601067   24386 logger.h:29] DataSourceMetrics: kFirstGlCallback: 537.998281ms
2025-11-23 11:37:36.605 24233-24554 native                  com.example.measureapp               I  I0000 00:00:1763878056.605499   24554 timebase_helpers.cc:184] Timebase offset initialized to 0
2025-11-23 11:37:36.605 24233-24554 native                  com.example.measureapp               I  I0000 00:00:1763878056.605543   24554 logger.h:29] DataSourceMetrics: kFirstImageCallback: 542.474531ms
2025-11-23 11:37:36.607 24233-24372 native                  com.example.measureapp               I  I0000 00:00:1763878056.607231   24372 input_synchronizer.cc:49] [InputSynchronizer] Received first frame sample at timestamp: 1012353800590680
2025-11-23 11:37:36.607 24233-24364 native                  com.example.measureapp               I  I0000 00:00:1763878056.607386   24364 vio_estimator.cc:1382] [VioEstimator] [PauseResume] HandleInitializationStage with feature tracks at timestamp: 1012353800590680 ns.
2025-11-23 11:37:36.607 24233-24373 native                  com.example.measureapp               I  I0000 00:00:1763878056.607662   24373 data_manager.cc:87] [M] VisualInertialState is kNotTracking. Wait.
2025-11-23 11:37:36.607 24233-24363 native                  com.example.measureapp               I  I0000 00:00:1763878056.607870   24363 model_inference_cpu.cc:106] Successfully started the ArDepthCalculator graph.
2025-11-23 11:37:36.608 24233-24555 native                  com.example.measureapp               I  I0000 00:00:1763878056.608163   24555 jni_util.cc:43] GetEnv: not attached
2025-11-23 11:37:36.621 24233-24555 tflite                  com.example.measureapp               I  Replacing 299 out of 299 node(s) with delegate (TfLiteXNNPackDelegate) node, yielding 1 partitions for subgraph 0.
2025-11-23 11:37:36.688 24233-24364 native                  com.example.measureapp               I  I0000 00:00:1763878056.688480   24364 vio_estimator.cc:1382] [VioEstimator] [PauseResume] HandleInitializationStage with feature tracks at timestamp: 1012353900548180 ns.
2025-11-23 11:37:36.688 24233-24373 native                  com.example.measureapp               I  I0000 00:00:1763878056.688645   24373 data_manager.cc:87] [M] VisualInertialState is kNotTracking. Wait.
2025-11-23 11:37:36.781 24233-24364 native                  com.example.measureapp               I  I0000 00:00:1763878056.781227   24364 vio_estimator.cc:1382] [VioEstimator] [PauseResume] HandleInitializationStage with feature tracks at timestamp: 1012354000505472 ns.
2025-11-23 11:37:36.781 24233-24373 native                  com.example.measureapp               I  I0000 00:00:1763878056.781514   24373 data_manager.cc:87] [M] VisualInertialState is kNotTracking. Wait.
2025-11-23 11:37:36.880 24233-24364 native                  com.example.measureapp               I  I0000 00:00:1763878056.880674   24364 vio_estimator.cc:1382] [VioEstimator] [PauseResume] HandleInitializationStage with feature tracks at timestamp: 1012354100462763 ns.
2025-11-23 11:37:36.880 24233-24373 native                  com.example.measureapp               I  I0000 00:00:1763878056.880897   24373 data_manager.cc:87] [M] VisualInertialState is kNotTracking. Wait.
2025-11-23 11:37:36.985 24233-24233 VRI[Measur...y]@6198de8 com.example.measureapp               I  handleResized, frames=ClientWindowFrames{frame=[0,0][1080,2340] display=[0,0][1080,2340] parentFrame=[0,0][0,0]} displayId=0 dragResizing=false compatScale=1.0 frameChanged=false attachedFrameChanged=false configChanged=false displayChanged=false compatScaleChanged=false dragResizingChanged=false
2025-11-23 11:37:36.991 24233-24364 native                  com.example.measureapp               I  I0000 00:00:1763878056.991173   24364 vio_estimator.cc:1382] [VioEstimator] [PauseResume] HandleInitializationStage with feature tracks at timestamp: 1012354200420263 ns.
2025-11-23 11:37:36.995 24233-24364 native                  com.example.measureapp               I  I0000 00:00:1763878056.995461   24364 bundle_adjustment_initializer.cc:757] Intrinsic vector size for camera id:200 is 7
2025-11-23 11:37:37.007 24233-24364 native                  com.example.measureapp               I  I0000 00:00:1763878057.007719   24364 bundle_adjustment_initializer.cc:977] [SSBA Solver] Initializer did not converge: Maximum number of iterations reached. Number of iterations: 18.
2025-11-23 11:37:37.022 24233-24364 native                  com.example.measureapp               I  I0000 00:00:1763878057.022427   24364 bundle_adjustment_initializer.cc:669] Refinement did not converge: Maximum number of iterations reached. Number of iterations: 18.
2025-11-23 11:37:37.022 24233-24364 native                  com.example.measureapp               I  I0000 00:00:1763878057.022489   24364 bundle_adjustment_initializer.cc:988] [SSBA Depth Refinement] Refine successfully!
2025-11-23 11:37:37.022 24233-24364 native                  com.example.measureapp               I  I0000 00:00:1763878057.022707   24364 bundle_adjustment_initialization.h:274] Number of measurements used in BA initialization for temporal landmarks: 300
2025-11-23 11:37:37.022 24233-24364 native                  com.example.measureapp               I  I0000 00:00:1763878057.022717   24364 bundle_adjustment_initialization.h:276] Number of good measurements (i.e., reprojection errors <= 3 pixels) in BA initialization for temporal landmarks: 300
2025-11-23 11:37:37.022 24233-24364 native                  com.example.measureapp               I  I0000 00:00:1763878057.022751   24364 vio_estimator.cc:356] [VioEstimator] Initialization sliding window states 
2025-11-23 11:37:37.022 24233-24364 native                  com.example.measureapp               I  I0000 00:00:1763878057.022756   24364 vio_estimator.cc:359] [VioEstimator] state 0 IMU position: [0]; [0]; [0]
2025-11-23 11:37:37.022 24233-24364 native                  com.example.measureapp               I  I0000 00:00:1763878057.022764   24364 vio_estimator.cc:359] [VioEstimator] state 1 IMU position: [0.00217444]; [0.000231387]; [-0.00204255]
2025-11-23 11:37:37.022 24233-24364 native                  com.example.measureapp               I  I0000 00:00:1763878057.022771   24364 vio_estimator.cc:359] [VioEstimator] state 2 IMU position: [0.00510757]; [0.00116353]; [-0.00374408]
2025-11-23 11:37:37.022 24233-24364 native                  com.example.measureapp               I  I0000 00:00:1763878057.022776   24364 vio_estimator.cc:359] [VioEstimator] state 3 IMU position: [0.00897917]; [0.00311121]; [-0.00533809]
2025-11-23 11:37:37.022 24233-24364 native                  com.example.measureapp               I  I0000 00:00:1763878057.022782   24364 vio_estimator.cc:359] [VioEstimator] state 4 IMU position: [0.013375]; [0.00577338]; [-0.00594925]
2025-11-23 11:37:37.022 24233-24364 native                  com.example.measureapp               I  I0000 00:00:1763878057.022788   24364 vio_estimator.cc:365] [VioEstimator] Maintain Yaw transformation: [0.00573215, -0.999984, 7.38084e-17, 0]; [0.999984, 0.00573215, -1.37863e-16, 0]; [1.37438e-16, 7.45975e-17, 1, 0]; [0, 0, 0, 1]
2025-11-23 11:37:37.022 24233-24364 native                  com.example.measureapp               I  I0000 00:00:1763878057.022798   24364 vio_estimator.cc:379] [VioEstimator] Initialization sliding window states affine MaintainYaw transformation: 
2025-11-23 11:37:37.022 24233-24364 native                  com.example.measureapp               I  I0000 00:00:1763878057.022803   24364 vio_estimator.cc:383] [VioEstimator] state 0 transformed IMU position: [0]; [0]; [0]
2025-11-23 11:37:37.022 24233-24364 native                  com.example.measureapp               I  I0000 00:00:1763878057.022808   24364 vio_estimator.cc:383] [VioEstimator] state 1 transformed IMU position: [-0.000218919]; [0.00217573]; [-0.00204255]
2025-11-23 11:37:37.022 24233-24364 native                  com.example.measureapp               I  I0000 00:00:1763878057.022814   24364 vio_estimator.cc:383] [VioEstimator] state 2 transformed IMU position: [-0.00113423]; [0.00511415]; [-0.00374408]
2025-11-23 11:37:37.022 24233-24364 native                  com.example.measureapp               I  I0000 00:00:1763878057.022820   24364 vio_estimator.cc:383] [VioEstimator] state 3 transformed IMU position: [-0.00305969]; [0.00899686]; [-0.00533809]
2025-11-23 11:37:37.022 24233-24364 native                  com.example.measureapp               I  I0000 00:00:1763878057.022826   24364 vio_estimator.cc:383] [VioEstimator] state 4 transformed IMU position: [-0.00569662]; [0.0134079]; [-0.00594925]
2025-11-23 11:37:37.024 24233-24364 native                  com.example.measureapp               I  I0000 00:00:1763878057.024668   24364 vio_estimator.cc:1483] [VioEstimator] Successful initialization at features timestamp: 1012354200420263 ns, took:399.829583ms, processed frames: 5
2025-11-23 11:37:37.024 24233-24353 native                  com.example.measureapp               I  I0000 00:00:1763878057.024754   24353 pose_manager.cc:326] [PoseManager] World pose node changing to new VIO pose node created: 8423574325380891689
