2025-11-23 11:37:37.024 24233-24353 native                  com.example.measureapp               I  I0000 00:00:1763878057.024976   24353 latency_tracker.cc:152] HeT initialized: Initialization_Time_Ms: 399.83
2025-11-23 11:37:37.098 24233-24233 native                  com.example.measureapp               E  E0000 00:00:1763878057.098956   24233 hit_test.cc:427] INTERNAL: No point hit.
2025-11-23 11:37:37.198 24233-24233 native                  com.example.measureapp               E  E0000 00:00:1763878057.198947   24233 hit_test.cc:427] INTERNAL: No point hit.
2025-11-23 11:37:37.298 24233-24233 native                  com.example.measureapp               E  E0000 00:00:1763878057.298836   24233 hit_test.cc:427] INTERNAL: No point hit.
2025-11-23 11:37:37.432 24233-24233 native                  com.example.measureapp               E  E0000 00:00:1763878057.432558   24233 hit_test.cc:427] INTERNAL: No point hit.
2025-11-23 11:37:37.565 24233-24233 native                  com.example.measureapp               E  E0000 00:00:1763878057.565548   24233 hit_test.cc:427] INTERNAL: No point hit.
2025-11-23 11:37:37.698 24233-24233 native                  com.example.measureapp               E  E0000 00:00:1763878057.698911   24233 hit_test.cc:427] INTERNAL: No point hit.
2025-11-23 11:37:37.832 24233-24233 native                  com.example.measureapp               E  E0000 00:00:1763878057.832069   24233 hit_test.cc:427] INTERNAL: No point hit.
2025-11-23 11:37:37.965 24233-24233 native                  com.example.measureapp               E  E0000 00:00:1763878057.965108   24233 hit_test.cc:427] INTERNAL: No point hit.
2025-11-23 11:37:38.098 24233-24233 native                  com.example.measureapp               E  E0000 00:00:1763878058.098518   24233 hit_test.cc:427] INTERNAL: No point hit.
2025-11-23 11:37:38.522 24233-24233 VRI[Measur...y]@6198de8 com.example.measureapp               I  ViewPostIme pointer 0
2025-11-23 11:37:38.523 24233-24233 VRI[Measur...y]@6198de8 com.example.measureapp               I  call setFrameRateCategory for touch hint category=high hint, reason=touch, vri=VRI[MeasureActivity]@6198de8
2025-11-23 11:37:38.633 24233-24233 VRI[Measur...y]@6198de8 com.example.measureapp               I  ViewPostIme pointer 1
2025-11-23 11:37:38.638 24233-24233 Toast                   com.example.measureapp               I  show: caller = com.example.measureapp.ar.MeasureActivity.addPoint:123 
2025-11-23 11:37:38.638 24233-24233 Toast                   com.example.measureapp               I  show: contextDispId = 0 mCustomDisplayId = -1 focusedDisplayId = 0 isActivityContext = true
2025-11-23 11:37:39.481 24233-24233 InsetsSourceConsumer    com.example.measureapp               I  applyRequestedVisibilityToControl: visible=true, type=statusBars, host=com.example.measureapp/com.example.measureapp.ar.MeasureActivity
2025-11-23 11:37:39.649 24233-24233 VRI[Measur...y]@6198de8 com.example.measureapp               I  ViewPostIme pointer 0
2025-11-23 11:37:39.782 24233-24233 VRI[Measur...y]@6198de8 com.example.measureapp               I  ViewPostIme pointer 1
2025-11-23 11:37:39.787 24233-24233 Toast                   com.example.measureapp               I  show: caller = com.example.measureapp.ar.MeasureActivity.addPoint:123 
2025-11-23 11:37:39.788 24233-24233 Toast                   com.example.measureapp               I  show: contextDispId = 0 mCustomDisplayId = -1 focusedDisplayId = 0 isActivityContext = true
2025-11-23 11:37:40.562 24233-24233 native                  com.example.measureapp               E  E0000 00:00:1763878060.562202   24233 hit_test.cc:427] INTERNAL: No point hit.
2025-11-23 11:37:40.828 24233-24233 native                  com.example.measureapp               E  E0000 00:00:1763878060.828511   24233 hit_test.cc:427] INTERNAL: No point hit.
2025-11-23 11:37:40.924 24233-24606 ProfileInstaller        com.example.measureapp               D  Installing profile for com.example.measureapp
2025-11-23 11:37:40.961 24233-24233 native                  com.example.measureapp               E  E0000 00:00:1763878060.961751   24233 hit_test.cc:427] INTERNAL: No point hit.
2025-11-23 11:37:41.196 24233-24245 mple.measureapp         com.example.measureapp               I  NativeAlloc concurrent mark compact GC freed 2452KB AllocSpace bytes, 0(0B) LOS objects, 75% free, 8165KB/31MB, paused 127us,6.775ms total 38.783ms
2025-11-23 11:37:41.228 24233-24233 native                  com.example.measureapp               E  E0000 00:00:1763878061.228208   24233 hit_test.cc:427] INTERNAL: No point hit.
2025-11-23 11:37:41.361 24233-24233 native                  com.example.measureapp               E  E0000 00:00:1763878061.361617   24233 hit_test.cc:427] INTERNAL: No point hit.
2025-11-23 11:37:41.494 24233-24233 native                  com.example.measureapp               E  E0000 00:00:1763878061.494891   24233 hit_test.cc:427] INTERNAL: No point hit.
2025-11-23 11:37:41.627 24233-24233 native                  com.example.measureapp               E  E0000 00:00:1763878061.627606   24233 hit_test.cc:427] INTERNAL: No point hit.
2025-11-23 11:37:41.761 24233-24233 native                  com.example.measureapp               E  E0000 00:00:1763878061.761070   24233 hit_test.cc:427] INTERNAL: No point hit.
2025-11-23 11:37:42.063 24233-24233 VRI[Measur...y]@6198de8 com.example.measureapp               I  ViewPostIme pointer 0
2025-11-23 11:37:42.162 24233-24233 VRI[Measur...y]@6198de8 com.example.measureapp               I  ViewPostIme pointer 1
2025-11-23 11:37:42.163 24233-24233 Toast                   com.example.measureapp               I  show: caller = com.example.measureapp.ar.MeasureActivity.addPoint:123 
2025-11-23 11:37:42.163 24233-24233 Toast                   com.example.measureapp               I  show: contextDispId = 0 mCustomDisplayId = -1 focusedDisplayId = 0 isActivityContext = true
2025-11-23 11:37:42.654 24233-24233 VRI[Measur...y]@6198de8 com.example.measureapp               I  ViewPostIme pointer 0
2025-11-23 11:37:42.728 24233-24233 VRI[Measur...y]@6198de8 com.example.measureapp               I  ViewPostIme pointer 1
2025-11-23 11:37:42.729 24233-24233 Toast                   com.example.measureapp               I  show: caller = com.example.measureapp.ar.MeasureActivity.addPoint:123 
2025-11-23 11:37:42.730 24233-24233 Toast                   com.example.measureapp               I  show: contextDispId = 0 mCustomDisplayId = -1 focusedDisplayId = 0 isActivityContext = true
2025-11-23 11:37:42.870 24233-24233 VRI[Measur...y]@6198de8 com.example.measureapp               I  ViewPostIme pointer 0
2025-11-23 11:37:42.936 24233-24233 VRI[Measur...y]@6198de8 com.example.measureapp               I  ViewPostIme pointer 1
2025-11-23 11:37:42.939 24233-24233 Toast                   com.example.measureapp               I  show: caller = com.example.measureapp.ar.MeasureActivity.addPoint:123 
2025-11-23 11:37:42.939 24233-24233 Toast                   com.example.measureapp               I  show: contextDispId = 0 mCustomDisplayId = -1 focusedDisplayId = 0 isActivityContext = true
2025-11-23 11:37:43.053 24233-24233 VRI[Measur...y]@6198de8 com.example.measureapp               I  ViewPostIme pointer 0
2025-11-23 11:37:43.145 24233-24233 VRI[Measur...y]@6198de8 com.example.measureapp               I  ViewPostIme pointer 1
2025-11-23 11:37:43.147 24233-24233 Toast                   com.example.measureapp               I  show: caller = com.example.measureapp.ar.MeasureActivity.addPoint:123 
2025-11-23 11:37:43.147 24233-24233 Toast                   com.example.measureapp               I  show: contextDispId = 0 mCustomDisplayId = -1 focusedDisplayId = 0 isActivityContext = true
2025-11-23 11:37:43.909 24233-24233 native                  com.example.measureapp               E  E0000 00:00:1763878063.909531   24233 hit_test.cc:427] INTERNAL: No point hit.
2025-11-23 11:37:44.042 24233-24233 native                  com.example.measureapp               E  E0000 00:00:1763878064.042439   24233 hit_test.cc:427] INTERNAL: No point hit.
2025-11-23 11:37:44.125 24233-24233 native                  com.example.measureapp               E  E0000 00:00:1763878064.125200   24233 hit_test.cc:427] INTERNAL: No point hit.
2025-11-23 11:37:45.208 24233-24233 native                  com.example.measureapp               E  E0000 00:00:1763878065.208461   24233 hit_test.cc:427] INTERNAL: No point hit.
2025-11-23 11:37:45.343 24233-24233 native                  com.example.measureapp               E  E0000 00:00:1763878065.342952   24233 hit_test.cc:427] INTERNAL: No point hit.
2025-11-23 11:37:45.475 24233-24233 native                  com.example.measureapp               E  E0000 00:00:1763878065.475859   24233 hit_test.cc:427] INTERNAL: No point hit.
2025-11-23 11:37:45.607 24233-24233 native                  com.example.measureapp               E  E0000 00:00:1763878065.607521   24233 hit_test.cc:427] INTERNAL: No point hit.
2025-11-23 11:37:45.741 24233-24233 native                  com.example.measureapp               E  E0000 00:00:1763878065.741811   24233 hit_test.cc:427] INTERNAL: No point hit.
2025-11-23 11:37:45.875 24233-24233 native                  com.example.measureapp               E  E0000 00:00:1763878065.875158   24233 hit_test.cc:427] INTERNAL: No point hit.
2025-11-23 11:37:46.008 24233-24233 native                  com.example.measureapp               E  E0000 00:00:1763878066.008639   24233 hit_test.cc:427] INTERNAL: No point hit.
2025-11-23 11:37:46.141 24233-24233 native                  com.example.measureapp               E  E0000 00:00:1763878066.140961   24233 hit_test.cc:427] INTERNAL: No point hit.
2025-11-23 11:37:46.145 24233-24233 VRI[Measur...y]@6198de8 com.example.measureapp               I  call setFrameRateCategory for touch hint category=no preference, reason=boost timeout, vri=VRI[MeasureActivity]@6198de8
2025-11-23 11:37:46.256 24233-24233 native                  com.example.measureapp               E  E0000 00:00:1763878066.256235   24233 hit_test.cc:427] INTERNAL: No point hit.
2025-11-23 11:37:46.411 24233-24233 native                  com.example.measureapp               E  E0000 00:00:1763878066.411614   24233 hit_test.cc:427] INTERNAL: No point hit.
2025-11-23 11:37:46.538 24233-24233 native                  com.example.measureapp               E  E0000 00:00:1763878066.538861   24233 hit_test.cc:427] INTERNAL: No point hit.
2025-11-23 11:37:46.613 24233-24233 VRI[Measur...y]@6198de8 com.example.measureapp               I  ViewPostIme key 0
2025-11-23 11:37:46.671 24233-24233 native                  com.example.measureapp               E  E0000 00:00:1763878066.671910   24233 hit_test.cc:427] INTERNAL: No point hit.
2025-11-23 11:37:46.708 24233-24377 native                  com.example.measureapp               W  W0000 00:00:1763878066.708543   24377 pose_manager.cc:110] [PoseManager] GetRecentDevicePose failed. INVALID_ARGUMENT: Passed timestamp: 1012360895670283 is too old.
                                                                                                    === Source Location Trace: ===
                                                                                                    third_party/redwood/perception/pose_manager/pose_manager.cc:500
                                                                                                     Latest VIO t: 281h12m43.89439174s, latest IMU t: 281h12m43.966739019s, query t:281h12m40.895670283s
2025-11-23 11:37:46.804 24233-24233 native                  com.example.measureapp               E  E0000 00:00:1763878066.804897   24233 hit_test.cc:427] INTERNAL: No point hit.
2025-11-23 11:37:46.827 24233-24233 VRI[Measur...y]@6198de8 com.example.measureapp               I  ViewPostIme key 1
2025-11-23 11:37:46.904 24233-24233 native                  com.example.measureapp               E  E0000 00:00:1763878066.904780   24233 hit_test.cc:427] INTERNAL: No point hit.
2025-11-23 11:37:47.004 24233-24233 native                  com.example.measureapp               E  E0000 00:00:1763878067.004239   24233 hit_test.cc:427] INTERNAL: No point hit.
2025-11-23 11:37:47.120 24233-24233 native                  com.example.measureapp               E  E0000 00:00:1763878067.120578   24233 hit_test.cc:427] INTERNAL: No point hit.
2025-11-23 11:37:47.221 24233-24233 native                  com.example.measureapp               E  E0000 00:00:1763878067.221252   24233 hit_test.cc:427] INTERNAL: No point hit.
2025-11-23 11:37:47.370 24233-24233 native                  com.example.measureapp               E  E0000 00:00:1763878067.370591   24233 hit_test.cc:427] INTERNAL: No point hit.
2025-11-23 11:37:47.504 24233-24233 native                  com.example.measureapp               E  E0000 00:00:1763878067.504289   24233 hit_test.cc:427] INTERNAL: No point hit.
2025-11-23 11:37:47.620 24233-24233 native                  com.example.measureapp               E  E0000 00:00:1763878067.620802   24233 hit_test.cc:427] INTERNAL: No point hit.
2025-11-23 11:37:47.770 24233-24233 native                  com.example.measureapp               E  E0000 00:00:1763878067.770243   24233 hit_test.cc:427] INTERNAL: No point hit.
2025-11-23 11:37:47.903 24233-24233 native                  com.example.measureapp               E  E0000 00:00:1763878067.903717   24233 hit_test.cc:427] INTERNAL: No point hit.
2025-11-23 11:37:48.037 24233-24233 native                  com.example.measureapp               E  E0000 00:00:1763878068.037852   24233 hit_test.cc:427] INTERNAL: No point hit.
2025-11-23 11:37:48.169 24233-24233 native                  com.example.measureapp               E  E0000 00:00:1763878068.169526   24233 hit_test.cc:427] INTERNAL: No point hit.
2025-11-23 11:37:48.269 24233-24233 native                  com.example.measureapp               E  E0000 00:00:1763878068.269532   24233 hit_test.cc:427] INTERNAL: No point hit.
2025-11-23 11:37:48.402 24233-24233 native                  com.example.measureapp               E  E0000 00:00:1763878068.402743   24233 hit_test.cc:427] INTERNAL: No point hit.
2025-11-23 11:37:48.535 24233-24233 native                  com.example.measureapp               E  E0000 00:00:1763878068.535884   24233 hit_test.cc:427] INTERNAL: No point hit.
2025-11-23 11:37:48.635 24233-24233 native                  com.example.measureapp               E  E0000 00:00:1763878068.635810   24233 hit_test.cc:427] INTERNAL: No point hit.
2025-11-23 11:37:48.660 24233-24233 SmartClipD...ropperImpl com.example.measureapp               D  doExtractSmartClipData : Extraction start! reqId = 15  Cropped area = Rect(540, 1170 - 541, 1171)  Package = com.example.measureapp
2025-11-23 11:37:48.660 24233-24233 SmartClipD...ropperImpl com.example.measureapp               D  getChildViewsByZOrder : Z order detected
2025-11-23 11:37:48.660 24233-24233 SmartClipD...ropperImpl com.example.measureapp               D  getChildViewsByZOrder : Parent=android.widget.RelativeLayout{da67b77 V.E...... ........ 0,0-1080,2340} / View=io.github.sceneview.ar.ARSceneView{dcbeca9 V.E...... ........ 0,0-1080,2340 #7f08016c app:id/scene_view} / Z=0.0
2025-11-23 11:37:48.660 24233-24233 SmartClipD...ropperImpl com.example.measureapp               D  getChildViewsByZOrder : Parent=android.widget.RelativeLayout{da67b77 V.E...... ........ 0,0-1080,2340} / View=android.view.View{e8b03e4 V.ED..... ........ 512,1142-568,1198} / Z=0.0
2025-11-23 11:37:48.660 24233-24233 SmartClipD...ropperImpl com.example.measureapp               D  getChildViewsByZOrder : Parent=android.widget.RelativeLayout{da67b77 V.E...... ........ 0,0-1080,2340} / View=android.widget.LinearLayout{2b8504d V.E...... ........ 0,1979-1080,2340} / Z=0.0
2025-11-23 11:37:48.660 24233-24233 SmartClipD...ropperImpl com.example.measureapp               D  getChildViewsByZOrder : Parent=android.widget.RelativeLayout{da67b77 V.E...... ........ 0,0-1080,2340} / View=android.widget.LinearLayout{97fd702 V.E...... ........ 45,158-1035,427} / Z=16.875
2025-11-23 11:37:48.660 24233-24233 SmartClipD...ropperImpl com.example.measureapp               D  addAppMetaTag : package name is com.example.measureapp
2025-11-23 11:37:48.661 24233-24233 SmartClipD...ropperImpl com.example.measureapp               D  sendExtractionResultToSmartClipService : -- Extracted SmartClip data information --
2025-11-23 11:37:48.661 24233-24233 SmartClipD...ropperImpl com.example.measureapp               D  sendExtractionResultToSmartClipService : Request Id : 15
2025-11-23 11:37:48.661 24233-24233 SmartClipD...ropperImpl com.example.measureapp               D  sendExtractionResultToSmartClipService : Extraction mode : 1
2025-11-23 11:37:48.661 24233-24233 SemSmartCl...Repository com.example.measureapp               D  ----- Start of SmartClip repository informations -----
2025-11-23 11:37:48.661 24233-24233 SemSmartCl...Repository com.example.measureapp               D  ** Content type : image
2025-11-23 11:37:48.661 24233-24233 SemSmartCl...Repository com.example.measureapp               D  ** Meta area rect : Rect(0, 0 - 0, 0)
2025-11-23 11:37:48.661 24233-24233 SemSmartCl...Repository com.example.measureapp               D  ** Captured image file path : null
2025-11-23 11:37:48.661 24233-24233 SemSmartCl...Repository com.example.measureapp               D  ----- End of SmartClip repository informations -----
2025-11-23 11:37:48.662 24233-24233 SmartClipD...ropperImpl com.example.measureapp               D  sendExtractionResultToSmartClipService : Elapsed = 2
2025-11-23 11:37:48.768 24233-24233 native                  com.example.measureapp               E  E0000 00:00:1763878068.768729   24233 hit_test.cc:427] INTERNAL: No point hit.
2025-11-23 11:37:48.901 24233-24233 native                  com.example.measureapp               E  E0000 00:00:1763878068.901640   24233 hit_test.cc:427] INTERNAL: No point hit.
2025-11-23 11:37:48.938 24233-24233 ImeFocusController      com.example.measureapp               I  onPreWindowFocus: skipped hasWindowFocus=false mHasImeFocus=true
2025-11-23 11:37:48.938 24233-24233 ImeFocusController      com.example.measureapp               I  onPostWindowFocus: skipped hasWindowFocus=false mHasImeFocus=true
2025-11-23 11:37:49.022 24233-24233 SmartClipR...Dispatcher com.example.measureapp               D  dispatchScrollableAreaInfo : windowRect = Rect(0, 0 - 1080, 2340)
2025-11-23 11:37:49.023 24233-24233 SmartClipR...Dispatcher com.example.measureapp               D  dispatchScrollableAreaInfo : Scrollable view count = 1
2025-11-23 11:37:49.023 24233-24233 SmartClipR...Dispatcher com.example.measureapp               D  dispatchScrollableAreaInfo : Unscrollable view count = 0
2025-11-23 11:37:49.023 24233-24233 SmartClipR...Dispatcher com.example.measureapp               D  dispatchScrollableAreaInfo : Pkg=com.example.measureapp Activity=null
2025-11-23 11:37:49.035 24233-24233 native                  com.example.measureapp               E  E0000 00:00:1763878069.035243   24233 hit_test.cc:427] INTERNAL: No point hit.
2025-11-23 11:37:49.167 24233-24233 native                  com.example.measureapp               E  E0000 00:00:1763878069.167675   24233 hit_test.cc:427] INTERNAL: No point hit.
2025-11-23 11:37:49.301 24233-24233 native                  com.example.measureapp               E  E0000 00:00:1763878069.301155   24233 hit_test.cc:427] INTERNAL: No point hit.
2025-11-23 11:37:49.434 24233-24233 native                  com.example.measureapp               E  E0000 00:00:1763878069.434469   24233 hit_test.cc:427] INTERNAL: No point hit.
2025-11-23 11:37:49.568 24233-24233 native                  com.example.measureapp               E  E0000 00:00:1763878069.567985   24233 hit_test.cc:427] INTERNAL: No point hit.
2025-11-23 11:37:49.701 24233-24233 native                  com.example.measureapp               E  E0000 00:00:1763878069.701020   24233 hit_test.cc:427] INTERNAL: No point hit.
2025-11-23 11:37:49.834 24233-24233 native                  com.example.measureapp               E  E0000 00:00:1763878069.834434   24233 hit_test.cc:427] INTERNAL: No point hit.
2025-11-23 11:37:49.967 24233-24233 native                  com.example.measureapp               E  E0000 00:00:1763878069.967455   24233 hit_test.cc:427] INTERNAL: No point hit.
2025-11-23 11:37:50.100 24233-24233 native                  com.example.measureapp               E  E0000 00:00:1763878070.100502   24233 hit_test.cc:427] INTERNAL: No point hit.
2025-11-23 11:37:50.217 24233-24233 native                  com.example.measureapp               E  E0000 00:00:1763878070.216983   24233 hit_test.cc:427] INTERNAL: No point hit.
2025-11-23 11:37:50.335 24233-24233 native                  com.example.measureapp               E  E0000 00:00:1763878070.335256   24233 hit_test.cc:427] INTERNAL: No point hit.
2025-11-23 11:37:50.467 24233-24233 native                  com.example.measureapp               E  E0000 00:00:1763878070.466997   24233 hit_test.cc:427] INTERNAL: No point hit.
2025-11-23 11:37:50.583 24233-24233 native                  com.example.measureapp               E  E0000 00:00:1763878070.583638   24233 hit_test.cc:427] INTERNAL: No point hit.
2025-11-23 11:37:50.732 24233-24233 native                  com.example.measureapp               E  E0000 00:00:1763878070.732741   24233 hit_test.cc:427] INTERNAL: No point hit.
2025-11-23 11:37:50.822 24233-24373 native                  com.example.measureapp               I  I0000 00:00:1763878070.822475   24373 viwls_optimization.cc:1432] [M] MAP SOLVE: Iterations: 5, Cost: 5.350657e+05 -> 7.856740e+01, Reason: USER_SUCCESS
2025-11-23 11:37:50.825 24233-24373 native                  com.example.measureapp               I  I0000 00:00:1763878070.825779   24373 visual_inertial_wls.cc:856] [M] Updating loop detector.
2025-11-23 11:37:50.825 24233-24373 native                  com.example.measureapp               I  I0000 00:00:1763878070.825914   24373 localizer_base_factory.cc:23] LocalizerBaseFactory: creates the traditional Localizer.
2025-11-23 11:37:50.827 24233-24373 native                  com.example.measureapp               I  I0000 00:00:1763878070.827479   24373 pose_manager.cc:391] [PoseManager] ViwlsMapUpdateCallback: for map id: 779d1f58-5976-2ea9-9494-41ae3d0c50c9 num_optimizations: 1
2025-11-23 11:37:50.827 24233-24373 native                  com.example.measureapp               I  I0000 00:00:1763878070.827506   24373 pose_node_graph.cc:802] [PoseNodeGraph] Created a new map pose node: Id:779d1f58-5976-2ea9-9494-41ae3d0c50c9 opt:1 node:8804939174468193208
2025-11-23 11:37:50.827 24233-24373 native                  com.example.measureapp               I  I0000 00:00:1763878070.827687   24373 multi_map_manager.cc:350] [M] MultiMapManager added ADF 779d1f58-5976-2ea9-9494-41ae3d0c50c9 with 26 keyframes and 47 landmarks to adf_graph.
2025-11-23 11:37:50.833 24233-24233 native                  com.example.measureapp               E  E0000 00:00:1763878070.833110   24233 hit_test.cc:427] INTERNAL: No point hit.
2025-11-23 11:37:50.933 24233-24233 native                  com.example.measureapp               E  E0000 00:00:1763878070.933163   24233 hit_test.cc:427] INTERNAL: No point hit.
2025-11-23 11:37:50.993 24233-24364 native                  com.example.measureapp               I  I0000 00:00:1763878070.993441   24364 vio_fault_detector.cc:420] [VioFaultDetector] Not enough ransac inliers=4 ransac_inlier_ratio=0.0851064 for duration: 99.957292ms.
2025-11-23 11:37:50.993 24233-24364 native                  com.example.measureapp               W  W0000 00:00:1763878070.993641   24364 vio_initializer.cc:610] [VioInitializer] Dropped initialization window due to high motion dynamics.
2025-11-23 11:37:51.066 24233-24233 native                  com.example.measureapp               E  E0000 00:00:1763878071.066086   24233 hit_test.cc:427] INTERNAL: No point hit.
2025-11-23 11:37:51.090 24233-24364 native                  com.example.measureapp               I  I0000 00:00:1763878071.090811   24364 vio_fault_detector.cc:642] [VioFaultDetector] Insufficient inliers or feature ratio ( 2 / 10), in VIO update for duration: 99.9575ms Min ratio: 0.2
2025-11-23 11:37:51.090 24233-24364 native                  com.example.measureapp               I  I0000 00:00:1763878071.090875   24364 vio_fault_detector.cc:50] timestamp_ns_in_image_clock: 1012368294411097
2025-11-23 11:37:51.090 24233-24364 native                  com.example.measureapp               I  I0000 00:00:1763878071.090883   24364 vio_fault_detector.cc:52]  timestamp_ns_in_imu_clock: 1012368292636230
2025-11-23 11:37:51.090 24233-24364 native                  com.example.measureapp               I  I0000 00:00:1763878071.090889   24364 vio_fault_detector.cc:54] bias: -0.0800436  0.0116348  0.0835835 -0.0095572 -0.0101655 0.00162516
2025-11-23 11:37:51.090 24233-24364 native                  com.example.measureapp               I  I0000 00:00:1763878071.090905   24364 vio_fault_detector.cc:57] accel_bias_variance: 0.000688608 0.000622907 0.000548616
2025-11-23 11:37:51.090 24233-24364 native                  com.example.measureapp               I  I0000 00:00:1763878071.090913   24364 vio_fault_detector.cc:61] gyro_bias_variance: 2.19868e-07  4.3061e-07 2.33546e-07
2025-11-23 11:37:51.090 24233-24364 native                  com.example.measureapp               I  I0000 00:00:1763878071.090927   24364 vio_fault_detector.cc:66] imu_transform_sensor: 400 0 0 0 0 0 0 1
2025-11-23 11:37:51.090 24233-24364 native                  com.example.measureapp               I  I0000 00:00:1763878071.090942   24364 vio_fault_detector.cc:72] camera_intrinsics: 200 426.825 427.637 322.007 237.336
2025-11-23 11:37:51.090 24233-24364 native                  com.example.measureapp               I  I0000 00:00:1763878071.090957   24364 vio_fault_detector.cc:76] global_velocity_imu: 0.0888153  0.185734 -0.421129
2025-11-23 11:37:51.090 24233-24364 native                  com.example.measureapp               I  I0000 00:00:1763878071.090965   24364 vio_fault_detector.cc:79] global_velocity_imu_variance: 1.97683e-05 2.22077e-05 1.80812e-05
2025-11-23 11:37:51.091 24233-24364 native                  com.example.measureapp               I  I0000 00:00:1763878071.090976   24364 vio_fault_detector.cc:84] global_pose_imu_variance: 5.87325e-06 6.76752e-06 1.54937e-05 4.29488e-06 5.04131e-06 2.91621e-06
2025-11-23 11:37:51.091 24233-24364 native                  com.example.measureapp               I  I0000 00:00:1763878071.091088   24364 vio_fault_detector.cc:88] imu_scale_and_misalignment:      1.00155      1.00321      1.00169   0.00401687  -0.00580058   0.00400913     0.996831     0.998597     0.994455  -0.00145015 -0.000113155   0.00575408    0.0047134 -0.000518726   0.00412529      0.99998
2025-11-23 11:37:51.091 24233-24364 native                  com.example.measureapp               I  I0000 00:00:1763878071.091111   24364 vio_fault_detector.cc:90] imu_scale_and_misalignment_covariance:  3.2947e-06 6.08038e-06 5.23342e-06  3.3348e-06  4.6041e-06 7.53524e-06 6.06415e-06 5.69945e-06 3.86767e-06 6.01208e-06 5.34283e-06 5.70872e-06 5.32797e-06 4.96228e-06 5.34967e-06
2025-11-23 11:37:51.091 24233-24364 native                  com.example.measureapp               I  I0000 00:00:1763878071.091131   24364 vio_fault_detector.cc:94] adf_t_vio: 0 0 0
2025-11-23 11:37:51.091 24233-24364 native                  com.example.measureapp               I  I0000 00:00:1763878071.091141   24364 vio_fault_detector.cc:97] adf_t_vio_covariance: 0 0 0 0 0 0
2025-11-23 11:37:51.091 24233-24364 native                  com.example.measureapp               W  W0000 00:00:1763878071.091237   24364 vio_initializer.cc:610] [VioInitializer] Dropped initialization window due to high motion dynamics.
2025-11-23 11:37:51.189 24233-24364 native                  com.example.measureapp               I  I0000 00:00:1763878071.189737   24364 vio_fault_detector.cc:66] imu_transform_sensor: 200   0.0190819   -0.015644 -0.00981074   -0.703735    0.710455  0.00137417 -0.00299345
2025-11-23 11:37:51.198 24233-24233 native                  com.example.measureapp               E  E0000 00:00:1763878071.198837   24233 hit_test.cc:427] INTERNAL: No point hit.
2025-11-23 11:37:51.289 24233-24364 native                  com.example.measureapp               I  I0000 00:00:1763878071.289453   24364 vio_fault_detector.cc:420] [VioFaultDetector] Not enough ransac inliers=5 ransac_inlier_ratio=0.0333333 for duration: 399.829583ms.
2025-11-23 11:37:51.332 24233-24233 native                  com.example.measureapp               E  E0000 00:00:1763878071.332096   24233 hit_test.cc:427] INTERNAL: No point hit.
2025-11-23 11:37:51.406 24233-24364 native                  com.example.measureapp               I  I0000 00:00:1763878071.406094   24364 vio_fault_detector.cc:642] [VioFaultDetector] Insufficient inliers or feature ratio ( 1 / 6), in VIO update for duration: 399.829583ms Min ratio: 0.2
2025-11-23 11:37:51.406 24233-24364 native                  com.example.measureapp               I  I0000 00:00:1763878071.406198   24364 vio_fault_detector.cc:50] timestamp_ns_in_image_clock: 1012368594283180
2025-11-23 11:37:51.406 24233-24364 native                  com.example.measureapp               I  I0000 00:00:1763878071.406220   24364 vio_fault_detector.cc:52]  timestamp_ns_in_imu_clock: 1012368592519899
2025-11-23 11:37:51.406 24233-24364 native                  com.example.measureapp               I  I0000 00:00:1763878071.406227   24364 vio_fault_detector.cc:54] bias: -0.0663626  0.0145534  0.0831014 -0.00958729   -0.010135  0.00158357
2025-11-23 11:37:51.406 24233-24364 native                  com.example.measureapp               I  I0000 00:00:1763878071.406245   24364 vio_fault_detector.cc:57] accel_bias_variance: 0.000606149 0.000616671 0.000548166
2025-11-23 11:37:51.406 24233-24364 native                  com.example.measureapp               I  I0000 00:00:1763878071.406253   24364 vio_fault_detector.cc:61] gyro_bias_variance: 2.55629e-07 4.66452e-07  2.6895e-07
2025-11-23 11:37:51.406 24233-24364 native                  com.example.measureapp               I  I0000 00:00:1763878071.406284   24364 vio_fault_detector.cc:66] imu_transform_sensor: 400 0 0 0 0 0 0 1
2025-11-23 11:37:51.406 24233-24364 native                  com.example.measureapp               I  I0000 00:00:1763878071.406313   24364 vio_fault_detector.cc:72] camera_intrinsics: 200 426.881 427.717 321.959 237.262
2025-11-23 11:37:51.406 24233-24364 native                  com.example.measureapp               I  I0000 00:00:1763878071.406324   24364 vio_fault_detector.cc:76] global_velocity_imu:  0.290118  -0.14265 -0.168553
2025-11-23 11:37:51.406 24233-24364 native                  com.example.measureapp               I  I0000 00:00:1763878071.406333   24364 vio_fault_detector.cc:79] global_velocity_imu_variance: 6.91487e-05 6.48706e-05 5.71523e-05
2025-11-23 11:37:51.406 24233-24364 native                  com.example.measureapp               I  I0000 00:00:1763878071.406340   24364 vio_fault_detector.cc:84] global_pose_imu_variance: 3.90435e-06 5.36024e-06 1.40928e-05 1.18441e-05 1.01799e-05 8.20927e-06
2025-11-23 11:37:51.406 24233-24364 native                  com.example.measureapp               I  I0000 00:00:1763878071.406350   24364 vio_fault_detector.cc:88] imu_scale_and_misalignment:      1.00179      1.00296      1.00236   0.00422228  -0.00639327     0.004373     0.997659     0.998321     0.994556   -0.0023701 -0.000374109   0.00560431   0.00487464 -0.000590444   0.00419356     0.999979
2025-11-23 11:37:51.406 24233-24364 native                  com.example.measureapp               I  I0000 00:00:1763878071.406370   24364 vio_fault_detector.cc:90] imu_scale_and_misalignment_covariance:   3.268e-06 6.06703e-06 5.08081e-06 3.30127e-06 4.39017e-06 7.46736e-06 5.81683e-06 5.65267e-06 3.84411e-06 5.53876e-06 5.32823e-06 5.68241e-06 5.27975e-06 4.90358e-06 5.30642e-06
2025-11-23 11:37:51.406 24233-24364 native                  com.example.measureapp               I  I0000 00:00:1763878071.406387   24364 vio_fault_detector.cc:94] adf_t_vio: 0 0 0
2025-11-23 11:37:51.406 24233-24364 native                  com.example.measureapp               I  I0000 00:00:1763878071.406394   24364 vio_fault_detector.cc:97] adf_t_vio_covariance: 0 0 0 0 0 0
2025-11-23 11:37:51.465 24233-24233 native                  com.example.measureapp               E  E0000 00:00:1763878071.465702   24233 hit_test.cc:427] INTERNAL: No point hit.
2025-11-23 11:37:51.492 24233-24364 native                  com.example.measureapp               I  I0000 00:00:1763878071.492245   24364 vio_fault_detector.cc:66] imu_transform_sensor: 200   0.0192342  -0.0155556 -0.00974975   -0.703698     0.71049  0.00156637 -0.00310352
2025-11-23 11:37:51.585 24233-24364 native                  com.example.measureapp               I  I0000 00:00:1763878071.585183   24364 vio_fault_detector.cc:420] [VioFaultDetector] Not enough ransac inliers=34 ransac_inlier_ratio=0.139918 for duration: 699.701667ms.
2025-11-23 11:37:51.598 24233-24233 native                  com.example.measureapp               E  E0000 00:00:1763878071.598274   24233 hit_test.cc:427] INTERNAL: No point hit.
2025-11-23 11:37:51.731 24233-24233 native                  com.example.measureapp               E  E0000 00:00:1763878071.731799   24233 hit_test.cc:427] INTERNAL: No point hit.
2025-11-23 11:37:51.760 24233-24245 mple.measureapp         com.example.measureapp               I  NativeAlloc concurrent mark compact GC freed 3184KB AllocSpace bytes, 0(0B) LOS objects, 74% free, 8365KB/32MB, paused 190us,8.657ms total 41.572ms
2025-11-23 11:37:51.789 24233-24364 native                  com.example.measureapp               I  I0000 00:00:1763878071.789385   24364 vio_fault_detector.cc:642] [VioFaultDetector] Insufficient inliers or feature ratio ( 8 / 138), in VIO update for duration: 199.914791ms Min ratio: 0.2
2025-11-23 11:37:51.789 24233-24364 native                  com.example.measureapp               I  I0000 00:00:1763878071.789451   24364 vio_fault_detector.cc:50] timestamp_ns_in_image_clock: 1012368994112763
2025-11-23 11:37:51.789 24233-24364 native                  com.example.measureapp               I  I0000 00:00:1763878071.789459   24364 vio_fault_detector.cc:52]  timestamp_ns_in_imu_clock: 1012368992541886
2025-11-23 11:37:51.789 24233-24364 native                  com.example.measureapp               I  I0000 00:00:1763878071.789465   24364 vio_fault_detector.cc:54] bias:   -0.085125 -0.00670961   0.0813901 -0.0094096 -0.0104371 0.00166189
2025-11-23 11:37:51.789 24233-24364 native                  com.example.measureapp               I  I0000 00:00:1763878071.789481   24364 vio_fault_detector.cc:57] accel_bias_variance:  0.00049441 0.000586972 0.000497912
2025-11-23 11:37:51.789 24233-24364 native                  com.example.measureapp               I  I0000 00:00:1763878071.789489   24364 vio_fault_detector.cc:61] gyro_bias_variance: 3.01457e-07 5.01811e-07 3.16846e-07
2025-11-23 11:37:51.789 24233-24364 native                  com.example.measureapp               I  I0000 00:00:1763878071.789497   24364 vio_fault_detector.cc:66] imu_transform_sensor: 200   0.0191813  -0.0151901 -0.00995892   -0.703795    0.710392  0.00153852 -0.00357117
2025-11-23 11:37:51.789 24233-24364 native                  com.example.measureapp               I  I0000 00:00:1763878071.789512   24364 vio_fault_detector.cc:72] camera_intrinsics: 200  426.82 427.313 321.881 237.466
2025-11-23 11:37:51.789 24233-24364 native                  com.example.measureapp               I  I0000 00:00:1763878071.789524   24364 vio_fault_detector.cc:76] global_velocity_imu:     0.13492 0.000906444   -0.102224
2025-11-23 11:37:51.789 24233-24364 native                  com.example.measureapp               I  I0000 00:00:1763878071.789533   24364 vio_fault_detector.cc:79] global_velocity_imu_variance: 7.24645e-05 6.35782e-05 3.43105e-05
2025-11-23 11:37:51.789 24233-24364 native                  com.example.measureapp               I  I0000 00:00:1763878071.789540   24364 vio_fault_detector.cc:84] global_pose_imu_variance: 3.89633e-06 5.96385e-06 1.42736e-05 2.58719e-05 2.16196e-05 1.71348e-05
2025-11-23 11:37:51.789 24233-24364 native                  com.example.measureapp               I  I0000 00:00:1763878071.789551   24364 vio_fault_detector.cc:88] imu_scale_and_misalignment:     1.00223     1.00119     1.00191  0.00512417 -0.00503855  0.00419591    0.997052     1.00052    0.994764 -0.00106582 -0.00139863  0.00600678  0.00524359  0.00016219  0.00411504    0.999978
2025-11-23 11:37:51.789 24233-24364 native                  com.example.measureapp               I  I0000 00:00:1763878071.789570   24364 vio_fault_detector.cc:90] imu_scale_and_misalignment_covariance: 3.21077e-06 5.20869e-06 4.80933e-06 3.19333e-06 4.19606e-06 7.19014e-06 5.70904e-06 5.33039e-06 3.75615e-06 4.85968e-06 4.86356e-06 4.93336e-06 4.88131e-06 4.43654e-06  5.2374e-06
2025-11-23 11:37:51.789 24233-24364 native                  com.example.measureapp               I  I0000 00:00:1763878071.789587   24364 vio_fault_detector.cc:94] adf_t_vio: 0 0 0
2025-11-23 11:37:51.789 24233-24364 native                  com.example.measureapp               I  I0000 00:00:1763878071.789594   24364 vio_fault_detector.cc:97] adf_t_vio_covariance: 0 0 0 0 0 0
2025-11-23 11:37:51.864 24233-24233 native                  com.example.measureapp               E  E0000 00:00:1763878071.864738   24233 hit_test.cc:427] INTERNAL: No point hit.
2025-11-23 11:37:51.892 24233-24364 native                  com.example.measureapp               I  I0000 00:00:1763878071.892243   24364 vio_fault_detector.cc:66] imu_transform_sensor: 400 0 0 0 0 0 0 1
2025-11-23 11:37:51.998 24233-24233 native                  com.example.measureapp               E  E0000 00:00:1763878071.998362   24233 hit_test.cc:427] INTERNAL: No point hit.
2025-11-23 11:37:52.097 24233-24233 native                  com.example.measureapp               E  E0000 00:00:1763878072.097810   24233 hit_test.cc:427] INTERNAL: No point hit.
2025-11-23 11:37:52.197 24233-24233 native                  com.example.measureapp               E  E0000 00:00:1763878072.197682   24233 hit_test.cc:427] INTERNAL: No point hit.
2025-11-23 11:37:52.297 24233-24233 native                  com.example.measureapp               E  E0000 00:00:1763878072.297340   24233 hit_test.cc:427] INTERNAL: No point hit.
2025-11-23 11:37:52.430 24233-24233 native                  com.example.measureapp               E  E0000 00:00:1763878072.430718   24233 hit_test.cc:427] INTERNAL: No point hit.
2025-11-23 11:37:52.563 24233-24233 native                  com.example.measureapp               E  E0000 00:00:1763878072.563795   24233 hit_test.cc:427] INTERNAL: No point hit.
2025-11-23 11:37:52.696 24233-24233 native                  com.example.measureapp               E  E0000 00:00:1763878072.696933   24233 hit_test.cc:427] INTERNAL: No point hit.
2025-11-23 11:37:52.830 24233-24233 native                  com.example.measureapp               E  E0000 00:00:1763878072.830564   24233 hit_test.cc:427] INTERNAL: No point hit.
2025-11-23 11:37:52.964 24233-24233 native                  com.example.measureapp               E  E0000 00:00:1763878072.964037   24233 hit_test.cc:427] INTERNAL: No point hit.
2025-11-23 11:37:53.063 24233-24233 native                  com.example.measureapp               E  E0000 00:00:1763878073.063422   24233 hit_test.cc:427] INTERNAL: No point hit.
2025-11-23 11:37:53.198 24233-24233 native                  com.example.measureapp               E  E0000 00:00:1763878073.197961   24233 hit_test.cc:427] INTERNAL: No point hit.
